Archive member included to satisfy reference by file (symbol)

/opt/st/stm32cubeide_1.0.2/plugins/com.st.stm32cube.ide.mcu.externaltools.gnu-tools-for-stm32.7-2018-q2-update.linux64_1.0.0.201904181610/tools/bin/../lib/gcc/arm-none-eabi/7.3.1/../../../../arm-none-eabi/lib/thumb/v7e-m/fpv5/hard/libc_nano.a(lib_a-errno.o)
                              Core/Src/syscalls.o (__errno)
/opt/st/stm32cubeide_1.0.2/plugins/com.st.stm32cube.ide.mcu.externaltools.gnu-tools-for-stm32.7-2018-q2-update.linux64_1.0.0.201904181610/tools/bin/../lib/gcc/arm-none-eabi/7.3.1/../../../../arm-none-eabi/lib/thumb/v7e-m/fpv5/hard/libc_nano.a(lib_a-exit.o)
                              /opt/st/stm32cubeide_1.0.2/plugins/com.st.stm32cube.ide.mcu.externaltools.gnu-tools-for-stm32.7-2018-q2-update.linux64_1.0.0.201904181610/tools/bin/../lib/gcc/arm-none-eabi/7.3.1/../../../../arm-none-eabi/lib/thumb/v7e-m/fpv5/hard/crt0.o (exit)
/opt/st/stm32cubeide_1.0.2/plugins/com.st.stm32cube.ide.mcu.externaltools.gnu-tools-for-stm32.7-2018-q2-update.linux64_1.0.0.201904181610/tools/bin/../lib/gcc/arm-none-eabi/7.3.1/../../../../arm-none-eabi/lib/thumb/v7e-m/fpv5/hard/libc_nano.a(lib_a-impure.o)
                              /opt/st/stm32cubeide_1.0.2/plugins/com.st.stm32cube.ide.mcu.externaltools.gnu-tools-for-stm32.7-2018-q2-update.linux64_1.0.0.201904181610/tools/bin/../lib/gcc/arm-none-eabi/7.3.1/../../../../arm-none-eabi/lib/thumb/v7e-m/fpv5/hard/libc_nano.a(lib_a-exit.o) (_global_impure_ptr)
/opt/st/stm32cubeide_1.0.2/plugins/com.st.stm32cube.ide.mcu.externaltools.gnu-tools-for-stm32.7-2018-q2-update.linux64_1.0.0.201904181610/tools/bin/../lib/gcc/arm-none-eabi/7.3.1/../../../../arm-none-eabi/lib/thumb/v7e-m/fpv5/hard/libc_nano.a(lib_a-init.o)
                              /opt/st/stm32cubeide_1.0.2/plugins/com.st.stm32cube.ide.mcu.externaltools.gnu-tools-for-stm32.7-2018-q2-update.linux64_1.0.0.201904181610/tools/bin/../lib/gcc/arm-none-eabi/7.3.1/../../../../arm-none-eabi/lib/thumb/v7e-m/fpv5/hard/crt0.o (__libc_init_array)
/opt/st/stm32cubeide_1.0.2/plugins/com.st.stm32cube.ide.mcu.externaltools.gnu-tools-for-stm32.7-2018-q2-update.linux64_1.0.0.201904181610/tools/bin/../lib/gcc/arm-none-eabi/7.3.1/../../../../arm-none-eabi/lib/thumb/v7e-m/fpv5/hard/libc_nano.a(lib_a-memset.o)
                              /opt/st/stm32cubeide_1.0.2/plugins/com.st.stm32cube.ide.mcu.externaltools.gnu-tools-for-stm32.7-2018-q2-update.linux64_1.0.0.201904181610/tools/bin/../lib/gcc/arm-none-eabi/7.3.1/../../../../arm-none-eabi/lib/thumb/v7e-m/fpv5/hard/crt0.o (memset)
/opt/st/stm32cubeide_1.0.2/plugins/com.st.stm32cube.ide.mcu.externaltools.gnu-tools-for-stm32.7-2018-q2-update.linux64_1.0.0.201904181610/tools/bin/../lib/gcc/arm-none-eabi/7.3.1/thumb/v7e-m/fpv5/hard/libgcc.a(_aeabi_uldivmod.o)
                              Drivers/STM32H7xx_HAL_Driver/Src/stm32h7xx_hal_uart.o (__aeabi_uldivmod)
/opt/st/stm32cubeide_1.0.2/plugins/com.st.stm32cube.ide.mcu.externaltools.gnu-tools-for-stm32.7-2018-q2-update.linux64_1.0.0.201904181610/tools/bin/../lib/gcc/arm-none-eabi/7.3.1/thumb/v7e-m/fpv5/hard/libgcc.a(_udivmoddi4.o)
                              /opt/st/stm32cubeide_1.0.2/plugins/com.st.stm32cube.ide.mcu.externaltools.gnu-tools-for-stm32.7-2018-q2-update.linux64_1.0.0.201904181610/tools/bin/../lib/gcc/arm-none-eabi/7.3.1/thumb/v7e-m/fpv5/hard/libgcc.a(_aeabi_uldivmod.o) (__udivmoddi4)
/opt/st/stm32cubeide_1.0.2/plugins/com.st.stm32cube.ide.mcu.externaltools.gnu-tools-for-stm32.7-2018-q2-update.linux64_1.0.0.201904181610/tools/bin/../lib/gcc/arm-none-eabi/7.3.1/thumb/v7e-m/fpv5/hard/libgcc.a(_dvmd_tls.o)
                              /opt/st/stm32cubeide_1.0.2/plugins/com.st.stm32cube.ide.mcu.externaltools.gnu-tools-for-stm32.7-2018-q2-update.linux64_1.0.0.201904181610/tools/bin/../lib/gcc/arm-none-eabi/7.3.1/thumb/v7e-m/fpv5/hard/libgcc.a(_aeabi_uldivmod.o) (__aeabi_ldiv0)

Allocating common symbols
Common symbol       size              file

huart3              0x8c              Core/Src/main.o
hi2c1               0x4c              Core/Src/main.o
uwTick              0x4               Drivers/STM32H7xx_HAL_Driver/Src/stm32h7xx_hal.o
pFlash              0x1c              Drivers/STM32H7xx_HAL_Driver/Src/stm32h7xx_hal_flash.o
buf                 0x1               Core/Src/main.o

Discarded input sections

 .text          0x0000000000000000        0x0 /opt/st/stm32cubeide_1.0.2/plugins/com.st.stm32cube.ide.mcu.externaltools.gnu-tools-for-stm32.7-2018-q2-update.linux64_1.0.0.201904181610/tools/bin/../lib/gcc/arm-none-eabi/7.3.1/thumb/v7e-m/fpv5/hard/crti.o
 .data          0x0000000000000000        0x0 /opt/st/stm32cubeide_1.0.2/plugins/com.st.stm32cube.ide.mcu.externaltools.gnu-tools-for-stm32.7-2018-q2-update.linux64_1.0.0.201904181610/tools/bin/../lib/gcc/arm-none-eabi/7.3.1/thumb/v7e-m/fpv5/hard/crti.o
[...]
Memory Configuration

Name             Origin             Length             Attributes
DTCMRAM          0x0000000020000000 0x0000000000020000 xrw
ITCMRAM          0x0000000000000000 0x0000000000010000 xrw
RAM_D1           0x0000000024000000 0x0000000000080000 xrw
RAM_D2           0x0000000030000000 0x0000000000048000 xrw
RAM_D3           0x0000000038000000 0x0000000000010000 xrw
FLASH            0x0000000008000000 0x0000000000200000 xr
*default*        0x0000000000000000 0xffffffffffffffff

Linker script and memory map

LOAD /opt/st/stm32cubeide_1.0.2/plugins/com.st.stm32cube.ide.mcu.externaltools.gnu-tools-for-stm32.7-2018-q2-update.linux64_1.0.0.201904181610/tools/bin/../lib/gcc/arm-none-eabi/7.3.1/thumb/v7e-m/fpv5/hard/crti.o
LOAD /opt/st/stm32cubeide_1.0.2/plugins/com.st.stm32cube.ide.mcu.externaltools.gnu-tools-for-stm32.7-2018-q2-update.linux64_1.0.0.201904181610/tools/bin/../lib/gcc/arm-none-eabi/7.3.1/thumb/v7e-m/fpv5/hard/crtbegin.o
LOAD /opt/st/stm32cubeide_1.0.2/plugins/com.st.stm32cube.ide.mcu.externaltools.gnu-tools-for-stm32.7-2018-q2-update.linux64_1.0.0.201904181610/tools/bin/../lib/gcc/arm-none-eabi/7.3.1/../../../../arm-none-eabi/lib/thumb/v7e-m/fpv5/hard/crt0.o
LOAD Core/Src/main.o
LOAD Core/Src/stm32h7xx_hal_msp.o
LOAD Core/Src/stm32h7xx_it.o
LOAD Core/Src/syscalls.o
LOAD Core/Src/sysmem.o
LOAD Core/Src/system_stm32h7xx.o
LOAD Core/Startup/startup_stm32h743zitx.o
LOAD Drivers/STM32H7xx_HAL_Driver/Src/stm32h7xx_hal.o
LOAD Drivers/STM32H7xx_HAL_Driver/Src/stm32h7xx_hal_cortex.o
LOAD Drivers/STM32H7xx_HAL_Driver/Src/stm32h7xx_hal_dma.o
LOAD Drivers/STM32H7xx_HAL_Driver/Src/stm32h7xx_hal_dma_ex.o
LOAD Drivers/STM32H7xx_HAL_Driver/Src/stm32h7xx_hal_exti.o
LOAD Drivers/STM32H7xx_HAL_Driver/Src/stm32h7xx_hal_flash.o
LOAD Drivers/STM32H7xx_HAL_Driver/Src/stm32h7xx_hal_flash_ex.o
LOAD Drivers/STM32H7xx_HAL_Driver/Src/stm32h7xx_hal_gpio.o
LOAD Drivers/STM32H7xx_HAL_Driver/Src/stm32h7xx_hal_hsem.o
LOAD Drivers/STM32H7xx_HAL_Driver/Src/stm32h7xx_hal_i2c.o
LOAD Drivers/STM32H7xx_HAL_Driver/Src/stm32h7xx_hal_i2c_ex.o
LOAD Drivers/STM32H7xx_HAL_Driver/Src/stm32h7xx_hal_mdma.o
LOAD Drivers/STM32H7xx_HAL_Driver/Src/stm32h7xx_hal_pwr.o
LOAD Drivers/STM32H7xx_HAL_Driver/Src/stm32h7xx_hal_pwr_ex.o
LOAD Drivers/STM32H7xx_HAL_Driver/Src/stm32h7xx_hal_rcc.o
LOAD Drivers/STM32H7xx_HAL_Driver/Src/stm32h7xx_hal_rcc_ex.o
LOAD Drivers/STM32H7xx_HAL_Driver/Src/stm32h7xx_hal_tim.o
LOAD Drivers/STM32H7xx_HAL_Driver/Src/stm32h7xx_hal_tim_ex.o
LOAD Drivers/STM32H7xx_HAL_Driver/Src/stm32h7xx_hal_uart.o
LOAD Drivers/STM32H7xx_HAL_Driver/Src/stm32h7xx_hal_uart_ex.o
START GROUP
LOAD /opt/st/stm32cubeide_1.0.2/plugins/com.st.stm32cube.ide.mcu.externaltools.gnu-tools-for-stm32.7-2018-q2-update.linux64_1.0.0.201904181610/tools/bin/../lib/gcc/arm-none-eabi/7.3.1/../../../../arm-none-eabi/lib/thumb/v7e-m/fpv5/hard/libstdc++_nano.a
LOAD /opt/st/stm32cubeide_1.0.2/plugins/com.st.stm32cube.ide.mcu.externaltools.gnu-tools-for-stm32.7-2018-q2-update.linux64_1.0.0.201904181610/tools/bin/../lib/gcc/arm-none-eabi/7.3.1/../../../../arm-none-eabi/lib/thumb/v7e-m/fpv5/hard/libsupc++_nano.a
END GROUP
LOAD /opt/st/stm32cubeide_1.0.2/plugins/com.st.stm32cube.ide.mcu.externaltools.gnu-tools-for-stm32.7-2018-q2-update.linux64_1.0.0.201904181610/tools/bin/../lib/gcc/arm-none-eabi/7.3.1/../../../../arm-none-eabi/lib/thumb/v7e-m/fpv5/hard/libstdc++_nano.a
LOAD /opt/st/stm32cubeide_1.0.2/plugins/com.st.stm32cube.ide.mcu.externaltools.gnu-tools-for-stm32.7-2018-q2-update.linux64_1.0.0.201904181610/tools/bin/../lib/gcc/arm-none-eabi/7.3.1/../../../../arm-none-eabi/lib/thumb/v7e-m/fpv5/hard/libm.a
LOAD /opt/st/stm32cubeide_1.0.2/plugins/com.st.stm32cube.ide.mcu.externaltools.gnu-tools-for-stm32.7-2018-q2-update.linux64_1.0.0.201904181610/tools/bin/../lib/gcc/arm-none-eabi/7.3.1/../../../../arm-none-eabi/lib/thumb/v7e-m/fpv5/hard/libc_nano.a
START GROUP
LOAD /opt/st/stm32cubeide_1.0.2/plugins/com.st.stm32cube.ide.mcu.externaltools.gnu-tools-for-stm32.7-2018-q2-update.linux64_1.0.0.201904181610/tools/bin/../lib/gcc/arm-none-eabi/7.3.1/thumb/v7e-m/fpv5/hard/libgcc.a
LOAD /opt/st/stm32cubeide_1.0.2/plugins/com.st.stm32cube.ide.mcu.externaltools.gnu-tools-for-stm32.7-2018-q2-update.linux64_1.0.0.201904181610/tools/bin/../lib/gcc/arm-none-eabi/7.3.1/../../../../arm-none-eabi/lib/thumb/v7e-m/fpv5/hard/libc_nano.a
END GROUP
START GROUP
LOAD /opt/st/stm32cubeide_1.0.2/plugins/com.st.stm32cube.ide.mcu.externaltools.gnu-tools-for-stm32.7-2018-q2-update.linux64_1.0.0.201904181610/tools/bin/../lib/gcc/arm-none-eabi/7.3.1/thumb/v7e-m/fpv5/hard/libgcc.a
LOAD /opt/st/stm32cubeide_1.0.2/plugins/com.st.stm32cube.ide.mcu.externaltools.gnu-tools-for-stm32.7-2018-q2-update.linux64_1.0.0.201904181610/tools/bin/../lib/gcc/arm-none-eabi/7.3.1/../../../../arm-none-eabi/lib/thumb/v7e-m/fpv5/hard/libc_nano.a
LOAD /opt/st/stm32cubeide_1.0.2/plugins/com.st.stm32cube.ide.mcu.externaltools.gnu-tools-for-stm32.7-2018-q2-update.linux64_1.0.0.201904181610/tools/bin/../lib/gcc/arm-none-eabi/7.3.1/../../../../arm-none-eabi/lib/thumb/v7e-m/fpv5/hard/libnosys.a
END GROUP
START GROUP
LOAD /opt/st/stm32cubeide_1.0.2/plugins/com.st.stm32cube.ide.mcu.externaltools.gnu-tools-for-stm32.7-2018-q2-update.linux64_1.0.0.201904181610/tools/bin/../lib/gcc/arm-none-eabi/7.3.1/thumb/v7e-m/fpv5/hard/libgcc.a
LOAD /opt/st/stm32cubeide_1.0.2/plugins/com.st.stm32cube.ide.mcu.externaltools.gnu-tools-for-stm32.7-2018-q2-update.linux64_1.0.0.201904181610/tools/bin/../lib/gcc/arm-none-eabi/7.3.1/../../../../arm-none-eabi/lib/thumb/v7e-m/fpv5/hard/libc_nano.a
LOAD /opt/st/stm32cubeide_1.0.2/plugins/com.st.stm32cube.ide.mcu.externaltools.gnu-tools-for-stm32.7-2018-q2-update.linux64_1.0.0.201904181610/tools/bin/../lib/gcc/arm-none-eabi/7.3.1/../../../../arm-none-eabi/lib/thumb/v7e-m/fpv5/hard/libnosys.a
END GROUP
LOAD /opt/st/stm32cubeide_1.0.2/plugins/com.st.stm32cube.ide.mcu.externaltools.gnu-tools-for-stm32.7-2018-q2-update.linux64_1.0.0.201904181610/tools/bin/../lib/gcc/arm-none-eabi/7.3.1/thumb/v7e-m/fpv5/hard/crtend.o
LOAD /opt/st/stm32cubeide_1.0.2/plugins/com.st.stm32cube.ide.mcu.externaltools.gnu-tools-for-stm32.7-2018-q2-update.linux64_1.0.0.201904181610/tools/bin/../lib/gcc/arm-none-eabi/7.3.1/thumb/v7e-m/fpv5/hard/crtn.o
                0x0000000024080000                _estack = (ORIGIN (RAM_D1) + LENGTH (RAM_D1))
                0x0000000000000200                _Min_Heap_Size = 0x200
                0x0000000000000400                _Min_Stack_Size = 0x400

.isr_vector     0x0000000008000000      0x298
                0x0000000008000000                . = ALIGN (0x4)
 *(.isr_vector)
 .isr_vector    0x0000000008000000      0x298 Core/Startup/startup_stm32h743zitx.o
                0x0000000008000000                g_pfnVectors
                0x0000000008000298                . = ALIGN (0x4)

.text           0x0000000008000298     0x82ec
                0x0000000008000298                . = ALIGN (0x4)
 *(.text)
 .text          0x0000000008000298       0x40 /opt/st/stm32cubeide_1.0.2/plugins/com.st.stm32cube.ide.mcu.externaltools.gnu-tools-for-stm32.7-2018-q2-update.linux64_1.0.0.201904181610/tools/bin/../lib/gcc/arm-none-eabi/7.3.1/thumb/v7e-m/fpv5/hard/crtbegin.o
 .text          0x00000000080002d8       0x30 /opt/st/stm32cubeide_1.0.2/plugins/com.st.stm32cube.ide.mcu.externaltools.gnu-tools-for-stm32.7-2018-q2-update.linux64_1.0.0.201904181610/tools/bin/../lib/gcc/arm-none-eabi/7.3.1/thumb/v7e-m/fpv5/hard/libgcc.a(_aeabi_uldivmod.o)
                0x00000000080002d8                __aeabi_uldivmod
 .text          0x0000000008000308      0x2cc /opt/st/stm32cubeide_1.0.2/plugins/com.st.stm32cube.ide.mcu.externaltools.gnu-tools-for-stm32.7-2018-q2-update.linux64_1.0.0.201904181610/tools/bin/../lib/gcc/arm-none-eabi/7.3.1/thumb/v7e-m/fpv5/hard/libgcc.a(_udivmoddi4.o)
                0x0000000008000308                __udivmoddi4
 .text          0x00000000080005d4        0x4 /opt/st/stm32cubeide_1.0.2/plugins/com.st.stm32cube.ide.mcu.externaltools.gnu-tools-for-stm32.7-2018-q2-update.linux64_1.0.0.201904181610/tools/bin/../lib/gcc/arm-none-eabi/7.3.1/thumb/v7e-m/fpv5/hard/libgcc.a(_dvmd_tls.o)
                0x00000000080005d4                __aeabi_ldiv0
                0x00000000080005d4                __aeabi_idiv0
 *(.text*)
 .text.SCB_EnableICache
                0x00000000080005d8       0x40 Core/Src/main.o
 .text.SCB_EnableDCache
                0x0000000008000618       0x80 Core/Src/main.o
 .text.HAL_I2C_MasterTxCpltCallback
                0x0000000008000698       0x34 Core/Src/main.o
                0x0000000008000698                HAL_I2C_MasterTxCpltCallback
 .text.HAL_I2C_ErrorCallback
                0x00000000080006cc       0x38 Core/Src/main.o
                0x00000000080006cc                HAL_I2C_ErrorCallback
 .text.main     0x0000000008000704       0x4c Core/Src/main.o
                0x0000000008000704                main
 .text.SystemClock_Config
                0x0000000008000750      0x168 Core/Src/main.o
                0x0000000008000750                SystemClock_Config
 .text.MX_I2C1_Init
                0x00000000080008b8       0x80 Core/Src/main.o
 .text.MX_USART3_UART_Init
                0x0000000008000938       0x98 Core/Src/main.o
 .text.MX_GPIO_Init
                0x00000000080009d0      0x214 Core/Src/main.o
 .text.Error_Handler
                0x0000000008000be4        0xe Core/Src/main.o
                0x0000000008000be4                Error_Handler
 *fill*         0x0000000008000bf2        0x2 
 .text.HAL_MspInit
                0x0000000008000bf4       0x34 Core/Src/stm32h7xx_hal_msp.o
                0x0000000008000bf4                HAL_MspInit
 .text.HAL_I2C_MspInit
                0x0000000008000c28       0xb4 Core/Src/stm32h7xx_hal_msp.o
                0x0000000008000c28                HAL_I2C_MspInit
 .text.HAL_UART_MspInit
                0x0000000008000cdc       0x94 Core/Src/stm32h7xx_hal_msp.o
                0x0000000008000cdc                HAL_UART_MspInit
 .text.NMI_Handler
                0x0000000008000d70        0xe Core/Src/stm32h7xx_it.o
                0x0000000008000d70                NMI_Handler
 .text.HardFault_Handler
                0x0000000008000d7e        0x6 Core/Src/stm32h7xx_it.o
                0x0000000008000d7e                HardFault_Handler
 .text.MemManage_Handler
                0x0000000008000d84        0x6 Core/Src/stm32h7xx_it.o
                0x0000000008000d84                MemManage_Handler
 .text.BusFault_Handler
                0x0000000008000d8a        0x6 Core/Src/stm32h7xx_it.o
                0x0000000008000d8a                BusFault_Handler
 .text.UsageFault_Handler
                0x0000000008000d90        0x6 Core/Src/stm32h7xx_it.o
                0x0000000008000d90                UsageFault_Handler
 .text.SVC_Handler
                0x0000000008000d96        0xe Core/Src/stm32h7xx_it.o
                0x0000000008000d96                SVC_Handler
 .text.DebugMon_Handler
                0x0000000008000da4        0xe Core/Src/stm32h7xx_it.o
                0x0000000008000da4                DebugMon_Handler
 .text.PendSV_Handler
                0x0000000008000db2        0xe Core/Src/stm32h7xx_it.o
                0x0000000008000db2                PendSV_Handler
 .text.SysTick_Handler
                0x0000000008000dc0        0xc Core/Src/stm32h7xx_it.o
                0x0000000008000dc0                SysTick_Handler
 .text.I2C1_EV_IRQHandler
                0x0000000008000dcc       0x14 Core/Src/stm32h7xx_it.o
                0x0000000008000dcc                I2C1_EV_IRQHandler
 .text.I2C1_ER_IRQHandler
                0x0000000008000de0       0x14 Core/Src/stm32h7xx_it.o
                0x0000000008000de0                I2C1_ER_IRQHandler
 .text.SystemInit
                0x0000000008000df4       0xc4 Core/Src/system_stm32h7xx.o
                0x0000000008000df4                SystemInit
 .text.Reset_Handler
                0x0000000008000eb8       0x50 Core/Startup/startup_stm32h743zitx.o
                0x0000000008000eb8                Reset_Handler
 .text.Default_Handler
                0x0000000008000f08        0x2 Core/Startup/startup_stm32h743zitx.o
                0x0000000008000f08                RTC_Alarm_IRQHandler
                0x0000000008000f08                EXTI2_IRQHandler
                0x0000000008000f08                TIM8_CC_IRQHandler
                0x0000000008000f08                HRTIM1_Master_IRQHandler
                0x0000000008000f08                UART8_IRQHandler
                0x0000000008000f08                SPI4_IRQHandler
                0x0000000008000f08                TIM1_CC_IRQHandler
                0x0000000008000f08                BDMA_Channel6_IRQHandler
                0x0000000008000f08                DMA2_Stream5_IRQHandler
                0x0000000008000f08                HRTIM1_FLT_IRQHandler
                0x0000000008000f08                JPEG_IRQHandler
                0x0000000008000f08                DMA1_Stream5_IRQHandler
                0x0000000008000f08                BDMA_Channel1_IRQHandler
                0x0000000008000f08                HRTIM1_TIMD_IRQHandler
                0x0000000008000f08                TAMP_STAMP_IRQHandler
                0x0000000008000f08                EXTI3_IRQHandler
                0x0000000008000f08                LPTIM4_IRQHandler
                0x0000000008000f08                TIM8_TRG_COM_TIM14_IRQHandler
                0x0000000008000f08                LPTIM2_IRQHandler
                0x0000000008000f08                DFSDM1_FLT1_IRQHandler
                0x0000000008000f08                DMAMUX2_OVR_IRQHandler
                0x0000000008000f08                TIM8_UP_TIM13_IRQHandler
                0x0000000008000f08                I2C3_ER_IRQHandler
                0x0000000008000f08                DFSDM1_FLT2_IRQHandler
                0x0000000008000f08                MDMA_IRQHandler
                0x0000000008000f08                LPTIM3_IRQHandler
                0x0000000008000f08                HSEM1_IRQHandler
                0x0000000008000f08                EXTI0_IRQHandler
                0x0000000008000f08                I2C2_EV_IRQHandler
                0x0000000008000f08                DMA1_Stream2_IRQHandler
                0x0000000008000f08                FPU_IRQHandler
                0x0000000008000f08                OTG_HS_WKUP_IRQHandler
                0x0000000008000f08                FDCAN1_IT1_IRQHandler
                0x0000000008000f08                LTDC_ER_IRQHandler
                0x0000000008000f08                DMA2_Stream2_IRQHandler
                0x0000000008000f08                HRTIM1_TIME_IRQHandler
                0x0000000008000f08                SPI1_IRQHandler
                0x0000000008000f08                TIM6_DAC_IRQHandler
                0x0000000008000f08                DCMI_IRQHandler
                0x0000000008000f08                HRTIM1_TIMC_IRQHandler
                0x0000000008000f08                DMA2_Stream3_IRQHandler
                0x0000000008000f08                SAI2_IRQHandler
                0x0000000008000f08                DFSDM1_FLT3_IRQHandler
                0x0000000008000f08                USART6_IRQHandler
                0x0000000008000f08                TIM17_IRQHandler
                0x0000000008000f08                USART3_IRQHandler
                0x0000000008000f08                BDMA_Channel7_IRQHandler
                0x0000000008000f08                LPTIM5_IRQHandler
                0x0000000008000f08                UART5_IRQHandler
                0x0000000008000f08                ADC3_IRQHandler
                0x0000000008000f08                DMA2_Stream0_IRQHandler
                0x0000000008000f08                TIM4_IRQHandler
                0x0000000008000f08                BDMA_Channel2_IRQHandler
                0x0000000008000f08                QUADSPI_IRQHandler
                0x0000000008000f08                DMA1_Stream6_IRQHandler
                0x0000000008000f08                DMAMUX1_OVR_IRQHandler
                0x0000000008000f08                DMA1_Stream1_IRQHandler
                0x0000000008000f08                TIM16_IRQHandler
                0x0000000008000f08                UART4_IRQHandler
                0x0000000008000f08                BDMA_Channel5_IRQHandler
                0x0000000008000f08                TIM3_IRQHandler
                0x0000000008000f08                RCC_IRQHandler
                0x0000000008000f08                TIM8_BRK_TIM12_IRQHandler
                0x0000000008000f08                TIM1_TRG_COM_IRQHandler
                0x0000000008000f08                Default_Handler
                0x0000000008000f08                ECC_IRQHandler
                0x0000000008000f08                CEC_IRQHandler
                0x0000000008000f08                EXTI15_10_IRQHandler
                0x0000000008000f08                BDMA_Channel0_IRQHandler
                0x0000000008000f08                ADC_IRQHandler
                0x0000000008000f08                DMA1_Stream7_IRQHandler
                0x0000000008000f08                HRTIM1_TIMA_IRQHandler
                0x0000000008000f08                SPI5_IRQHandler
                0x0000000008000f08                TIM7_IRQHandler
                0x0000000008000f08                SDMMC1_IRQHandler
                0x0000000008000f08                TIM5_IRQHandler
                0x0000000008000f08                DMA2_Stream7_IRQHandler
                0x0000000008000f08                TIM15_IRQHandler
                0x0000000008000f08                PVD_AVD_IRQHandler
                0x0000000008000f08                I2C3_EV_IRQHandler
                0x0000000008000f08                EXTI9_5_IRQHandler
                0x0000000008000f08                RTC_WKUP_IRQHandler
                0x0000000008000f08                LTDC_IRQHandler
                0x0000000008000f08                SAI3_IRQHandler
                0x0000000008000f08                ETH_WKUP_IRQHandler
                0x0000000008000f08                SPDIF_RX_IRQHandler
                0x0000000008000f08                SPI2_IRQHandler
                0x0000000008000f08                OTG_HS_EP1_IN_IRQHandler
                0x0000000008000f08                DMA1_Stream0_IRQHandler
                0x0000000008000f08                CRS_IRQHandler
                0x0000000008000f08                EXTI4_IRQHandler
                0x0000000008000f08                RNG_IRQHandler
                0x0000000008000f08                HRTIM1_TIMB_IRQHandler
                0x0000000008000f08                FDCAN2_IT1_IRQHandler
                0x0000000008000f08                ETH_IRQHandler
                0x0000000008000f08                TIM1_UP_IRQHandler
                0x0000000008000f08                BDMA_Channel4_IRQHandler
                0x0000000008000f08                OTG_HS_EP1_OUT_IRQHandler
                0x0000000008000f08                WWDG_IRQHandler
                0x0000000008000f08                SPI6_IRQHandler
                0x0000000008000f08                MDIOS_IRQHandler
                0x0000000008000f08                I2C4_EV_IRQHandler
                0x0000000008000f08                FDCAN2_IT0_IRQHandler
                0x0000000008000f08                LPUART1_IRQHandler
                0x0000000008000f08                FDCAN1_IT0_IRQHandler
                0x0000000008000f08                TIM2_IRQHandler
                0x0000000008000f08                OTG_FS_WKUP_IRQHandler
                0x0000000008000f08                OTG_HS_IRQHandler
                0x0000000008000f08                DMA2D_IRQHandler
                0x0000000008000f08                TIM1_BRK_IRQHandler
                0x0000000008000f08                EXTI1_IRQHandler
                0x0000000008000f08                SDMMC2_IRQHandler
                0x0000000008000f08                OTG_FS_EP1_OUT_IRQHandler
                0x0000000008000f08                BDMA_Channel3_IRQHandler
                0x0000000008000f08                UART7_IRQHandler
                0x0000000008000f08                MDIOS_WKUP_IRQHandler
                0x0000000008000f08                USART2_IRQHandler
                0x0000000008000f08                DFSDM1_FLT0_IRQHandler
                0x0000000008000f08                SAI4_IRQHandler
                0x0000000008000f08                I2C2_ER_IRQHandler
                0x0000000008000f08                DMA2_Stream1_IRQHandler
                0x0000000008000f08                FLASH_IRQHandler
                0x0000000008000f08                DMA2_Stream4_IRQHandler
                0x0000000008000f08                USART1_IRQHandler
                0x0000000008000f08                OTG_FS_IRQHandler
                0x0000000008000f08                SPI3_IRQHandler
                0x0000000008000f08                WAKEUP_PIN_IRQHandler
                0x0000000008000f08                DMA1_Stream4_IRQHandler
                0x0000000008000f08                OTG_FS_EP1_IN_IRQHandler
                0x0000000008000f08                FMC_IRQHandler
                0x0000000008000f08                FDCAN_CAL_IRQHandler
                0x0000000008000f08                SWPMI1_IRQHandler
                0x0000000008000f08                COMP1_IRQHandler
                0x0000000008000f08                LPTIM1_IRQHandler
                0x0000000008000f08                I2C4_ER_IRQHandler
                0x0000000008000f08                DMA2_Stream6_IRQHandler
                0x0000000008000f08                SAI1_IRQHandler
                0x0000000008000f08                DMA1_Stream3_IRQHandler
 *fill*         0x0000000008000f0a        0x2 
 .text.HAL_Init
                0x0000000008000f0c       0x78 Drivers/STM32H7xx_HAL_Driver/Src/stm32h7xx_hal.o
                0x0000000008000f0c                HAL_Init
 .text.HAL_InitTick
                0x0000000008000f84       0x6c Drivers/STM32H7xx_HAL_Driver/Src/stm32h7xx_hal.o
                0x0000000008000f84                HAL_InitTick
 .text.HAL_IncTick
                0x0000000008000ff0       0x28 Drivers/STM32H7xx_HAL_Driver/Src/stm32h7xx_hal.o
                0x0000000008000ff0                HAL_IncTick
 .text.HAL_GetTick
                0x0000000008001018       0x18 Drivers/STM32H7xx_HAL_Driver/Src/stm32h7xx_hal.o
                0x0000000008001018                HAL_GetTick
 .text.HAL_GetREVID
                0x0000000008001030       0x18 Drivers/STM32H7xx_HAL_Driver/Src/stm32h7xx_hal.o
                0x0000000008001030                HAL_GetREVID
 .text.__NVIC_SetPriorityGrouping
                0x0000000008001048       0x48 Drivers/STM32H7xx_HAL_Driver/Src/stm32h7xx_hal_cortex.o
 .text.__NVIC_GetPriorityGrouping
                0x0000000008001090       0x1c Drivers/STM32H7xx_HAL_Driver/Src/stm32h7xx_hal_cortex.o
 .text.__NVIC_EnableIRQ
                0x00000000080010ac       0x3c Drivers/STM32H7xx_HAL_Driver/Src/stm32h7xx_hal_cortex.o
 .text.__NVIC_SetPriority
                0x00000000080010e8       0x54 Drivers/STM32H7xx_HAL_Driver/Src/stm32h7xx_hal_cortex.o
 .text.NVIC_EncodePriority
                0x000000000800113c       0x66 Drivers/STM32H7xx_HAL_Driver/Src/stm32h7xx_hal_cortex.o
 *fill*         0x00000000080011a2        0x2 
 .text.SysTick_Config
                0x00000000080011a4       0x44 Drivers/STM32H7xx_HAL_Driver/Src/stm32h7xx_hal_cortex.o
 .text.HAL_NVIC_SetPriorityGrouping
                0x00000000080011e8       0x16 Drivers/STM32H7xx_HAL_Driver/Src/stm32h7xx_hal_cortex.o
                0x00000000080011e8                HAL_NVIC_SetPriorityGrouping
 .text.HAL_NVIC_SetPriority
                0x00000000080011fe       0x34 Drivers/STM32H7xx_HAL_Driver/Src/stm32h7xx_hal_cortex.o
                0x00000000080011fe                HAL_NVIC_SetPriority
 .text.HAL_NVIC_EnableIRQ
                0x0000000008001232       0x1c Drivers/STM32H7xx_HAL_Driver/Src/stm32h7xx_hal_cortex.o
                0x0000000008001232                HAL_NVIC_EnableIRQ
 .text.HAL_SYSTICK_Config
                0x000000000800124e       0x18 Drivers/STM32H7xx_HAL_Driver/Src/stm32h7xx_hal_cortex.o
                0x000000000800124e                HAL_SYSTICK_Config
 *fill*         0x0000000008001266        0x2 
 .text.HAL_DMA_Abort_IT
                0x0000000008001268      0x488 Drivers/STM32H7xx_HAL_Driver/Src/stm32h7xx_hal_dma.o
                0x0000000008001268                HAL_DMA_Abort_IT
 .text.HAL_DMA_GetState
                0x00000000080016f0       0x1c Drivers/STM32H7xx_HAL_Driver/Src/stm32h7xx_hal_dma.o
                0x00000000080016f0                HAL_DMA_GetState
 .text.HAL_GPIO_Init
                0x000000000800170c      0x360 Drivers/STM32H7xx_HAL_Driver/Src/stm32h7xx_hal_gpio.o
                0x000000000800170c                HAL_GPIO_Init
 .text.HAL_GPIO_WritePin
                0x0000000008001a6c       0x32 Drivers/STM32H7xx_HAL_Driver/Src/stm32h7xx_hal_gpio.o
                0x0000000008001a6c                HAL_GPIO_WritePin
 *fill*         0x0000000008001a9e        0x2 
 .text.HAL_I2C_Init
                0x0000000008001aa0      0x120 Drivers/STM32H7xx_HAL_Driver/Src/stm32h7xx_hal_i2c.o
                0x0000000008001aa0                HAL_I2C_Init
 .text.HAL_I2C_Master_Transmit_IT
                0x0000000008001bc0       0xe0 Drivers/STM32H7xx_HAL_Driver/Src/stm32h7xx_hal_i2c.o
                0x0000000008001bc0                HAL_I2C_Master_Transmit_IT
 .text.HAL_I2C_EV_IRQHandler
                0x0000000008001ca0       0x34 Drivers/STM32H7xx_HAL_Driver/Src/stm32h7xx_hal_i2c.o
                0x0000000008001ca0                HAL_I2C_EV_IRQHandler
 .text.HAL_I2C_ER_IRQHandler
                0x0000000008001cd4       0xc2 Drivers/STM32H7xx_HAL_Driver/Src/stm32h7xx_hal_i2c.o
                0x0000000008001cd4                HAL_I2C_ER_IRQHandler
 .text.HAL_I2C_MasterRxCpltCallback
                0x0000000008001d96       0x14 Drivers/STM32H7xx_HAL_Driver/Src/stm32h7xx_hal_i2c.o
                0x0000000008001d96                HAL_I2C_MasterRxCpltCallback
 .text.HAL_I2C_SlaveTxCpltCallback
                0x0000000008001daa       0x14 Drivers/STM32H7xx_HAL_Driver/Src/stm32h7xx_hal_i2c.o
                0x0000000008001daa                HAL_I2C_SlaveTxCpltCallback
 .text.HAL_I2C_SlaveRxCpltCallback
                0x0000000008001dbe       0x14 Drivers/STM32H7xx_HAL_Driver/Src/stm32h7xx_hal_i2c.o
                0x0000000008001dbe                HAL_I2C_SlaveRxCpltCallback
 .text.HAL_I2C_AddrCallback
                0x0000000008001dd2       0x1c Drivers/STM32H7xx_HAL_Driver/Src/stm32h7xx_hal_i2c.o
                0x0000000008001dd2                HAL_I2C_AddrCallback
 .text.HAL_I2C_ListenCpltCallback
                0x0000000008001dee       0x14 Drivers/STM32H7xx_HAL_Driver/Src/stm32h7xx_hal_i2c.o
                0x0000000008001dee                HAL_I2C_ListenCpltCallback
 .text.HAL_I2C_MemTxCpltCallback
                0x0000000008001e02       0x14 Drivers/STM32H7xx_HAL_Driver/Src/stm32h7xx_hal_i2c.o
                0x0000000008001e02                HAL_I2C_MemTxCpltCallback
 .text.HAL_I2C_MemRxCpltCallback
                0x0000000008001e16       0x14 Drivers/STM32H7xx_HAL_Driver/Src/stm32h7xx_hal_i2c.o
                0x0000000008001e16                HAL_I2C_MemRxCpltCallback
 .text.HAL_I2C_AbortCpltCallback
                0x0000000008001e2a       0x14 Drivers/STM32H7xx_HAL_Driver/Src/stm32h7xx_hal_i2c.o
                0x0000000008001e2a                HAL_I2C_AbortCpltCallback
 .text.I2C_Master_ISR_IT
                0x0000000008001e3e      0x252 Drivers/STM32H7xx_HAL_Driver/Src/stm32h7xx_hal_i2c.o
 .text.I2C_Slave_ISR_IT
                0x0000000008002090      0x206 Drivers/STM32H7xx_HAL_Driver/Src/stm32h7xx_hal_i2c.o
 .text.I2C_Master_ISR_DMA
                0x0000000008002296      0x1e6 Drivers/STM32H7xx_HAL_Driver/Src/stm32h7xx_hal_i2c.o
 .text.I2C_Slave_ISR_DMA
                0x000000000800247c      0x3c0 Drivers/STM32H7xx_HAL_Driver/Src/stm32h7xx_hal_i2c.o
 .text.I2C_ITAddrCplt
                0x000000000800283c      0x108 Drivers/STM32H7xx_HAL_Driver/Src/stm32h7xx_hal_i2c.o
 .text.I2C_ITMasterSeqCplt
                0x0000000008002944       0x7a Drivers/STM32H7xx_HAL_Driver/Src/stm32h7xx_hal_i2c.o
 .text.I2C_ITSlaveSeqCplt
                0x00000000080029be       0xbc Drivers/STM32H7xx_HAL_Driver/Src/stm32h7xx_hal_i2c.o
 *fill*         0x0000000008002a7a        0x2 
 .text.I2C_ITMasterCplt
                0x0000000008002a7c      0x190 Drivers/STM32H7xx_HAL_Driver/Src/stm32h7xx_hal_i2c.o
 .text.I2C_ITSlaveCplt
                0x0000000008002c0c      0x3f0 Drivers/STM32H7xx_HAL_Driver/Src/stm32h7xx_hal_i2c.o
 .text.I2C_ITListenCplt
                0x0000000008002ffc       0xac Drivers/STM32H7xx_HAL_Driver/Src/stm32h7xx_hal_i2c.o
 .text.I2C_ITError
                0x00000000080030a8      0x1a0 Drivers/STM32H7xx_HAL_Driver/Src/stm32h7xx_hal_i2c.o
 .text.I2C_TreatErrorCallback
                0x0000000008003248       0x4e Drivers/STM32H7xx_HAL_Driver/Src/stm32h7xx_hal_i2c.o
 .text.I2C_Flush_TXDR
                0x0000000008003296       0x48 Drivers/STM32H7xx_HAL_Driver/Src/stm32h7xx_hal_i2c.o
 .text.I2C_DMAAbort
                0x00000000080032de       0x3c Drivers/STM32H7xx_HAL_Driver/Src/stm32h7xx_hal_i2c.o
 *fill*         0x000000000800331a        0x2 
 .text.I2C_TransferConfig
                0x000000000800331c       0x5c Drivers/STM32H7xx_HAL_Driver/Src/stm32h7xx_hal_i2c.o
 .text.I2C_Enable_IRQ
                0x0000000008003378       0xc8 Drivers/STM32H7xx_HAL_Driver/Src/stm32h7xx_hal_i2c.o
 .text.I2C_Disable_IRQ
                0x0000000008003440       0xbc Drivers/STM32H7xx_HAL_Driver/Src/stm32h7xx_hal_i2c.o
 .text.HAL_I2CEx_ConfigAnalogFilter
                0x00000000080034fc       0x96 Drivers/STM32H7xx_HAL_Driver/Src/stm32h7xx_hal_i2c_ex.o
                0x00000000080034fc                HAL_I2CEx_ConfigAnalogFilter
 .text.HAL_I2CEx_ConfigDigitalFilter
                0x0000000008003592       0x98 Drivers/STM32H7xx_HAL_Driver/Src/stm32h7xx_hal_i2c_ex.o
                0x0000000008003592                HAL_I2CEx_ConfigDigitalFilter
 *fill*         0x000000000800362a        0x2 
 .text.HAL_PWREx_ConfigSupply
                0x000000000800362c       0x74 Drivers/STM32H7xx_HAL_Driver/Src/stm32h7xx_hal_pwr_ex.o
                0x000000000800362c                HAL_PWREx_ConfigSupply
 .text.HAL_RCC_OscConfig
                0x00000000080036a0      0x7b0 Drivers/STM32H7xx_HAL_Driver/Src/stm32h7xx_hal_rcc.o
                0x00000000080036a0                HAL_RCC_OscConfig
 .text.HAL_RCC_ClockConfig
                0x0000000008003e50      0x36c Drivers/STM32H7xx_HAL_Driver/Src/stm32h7xx_hal_rcc.o
                0x0000000008003e50                HAL_RCC_ClockConfig
 .text.HAL_RCC_GetSysClockFreq
                0x00000000080041bc      0x2e4 Drivers/STM32H7xx_HAL_Driver/Src/stm32h7xx_hal_rcc.o
                0x00000000080041bc                HAL_RCC_GetSysClockFreq
 .text.HAL_RCC_GetHCLKFreq
                0x00000000080044a0       0x60 Drivers/STM32H7xx_HAL_Driver/Src/stm32h7xx_hal_rcc.o
                0x00000000080044a0                HAL_RCC_GetHCLKFreq
 .text.HAL_RCC_GetPCLK1Freq
                0x0000000008004500       0x2c Drivers/STM32H7xx_HAL_Driver/Src/stm32h7xx_hal_rcc.o
                0x0000000008004500                HAL_RCC_GetPCLK1Freq
 .text.HAL_RCC_GetPCLK2Freq
                0x000000000800452c       0x2c Drivers/STM32H7xx_HAL_Driver/Src/stm32h7xx_hal_rcc.o
                0x000000000800452c                HAL_RCC_GetPCLK2Freq
 .text.HAL_RCCEx_PeriphCLKConfig
                0x0000000008004558      0xdbc Drivers/STM32H7xx_HAL_Driver/Src/stm32h7xx_hal_rcc_ex.o
                0x0000000008004558                HAL_RCCEx_PeriphCLKConfig
 .text.HAL_RCCEx_GetD3PCLK1Freq
                0x0000000008005314       0x2c Drivers/STM32H7xx_HAL_Driver/Src/stm32h7xx_hal_rcc_ex.o
                0x0000000008005314                HAL_RCCEx_GetD3PCLK1Freq
 .text.HAL_RCCEx_GetPLL2ClockFreq
                0x0000000008005340      0x298 Drivers/STM32H7xx_HAL_Driver/Src/stm32h7xx_hal_rcc_ex.o
                0x0000000008005340                HAL_RCCEx_GetPLL2ClockFreq
 .text.HAL_RCCEx_GetPLL3ClockFreq
                0x00000000080055d8      0x298 Drivers/STM32H7xx_HAL_Driver/Src/stm32h7xx_hal_rcc_ex.o
                0x00000000080055d8                HAL_RCCEx_GetPLL3ClockFreq
 .text.RCCEx_PLL2_Config
                0x0000000008005870      0x164 Drivers/STM32H7xx_HAL_Driver/Src/stm32h7xx_hal_rcc_ex.o
 .text.RCCEx_PLL3_Config
                0x00000000080059d4      0x164 Drivers/STM32H7xx_HAL_Driver/Src/stm32h7xx_hal_rcc_ex.o
 .text.HAL_UART_Init
                0x0000000008005b38       0xa0 Drivers/STM32H7xx_HAL_Driver/Src/stm32h7xx_hal_uart.o
                0x0000000008005b38                HAL_UART_Init
 .text.HAL_UART_Transmit
                0x0000000008005bd8      0x12c Drivers/STM32H7xx_HAL_Driver/Src/stm32h7xx_hal_uart.o
                0x0000000008005bd8                HAL_UART_Transmit
 *fill*         0x0000000008005d04        0x4 
 .text.UART_SetConfig
                0x0000000008005d08     0x22fc Drivers/STM32H7xx_HAL_Driver/Src/stm32h7xx_hal_uart.o
                0x0000000008005d08                UART_SetConfig
 .text.UART_AdvFeatureConfig
                0x0000000008008004      0x144 Drivers/STM32H7xx_HAL_Driver/Src/stm32h7xx_hal_uart.o
                0x0000000008008004                UART_AdvFeatureConfig
 .text.UART_CheckIdleState
                0x0000000008008148       0x90 Drivers/STM32H7xx_HAL_Driver/Src/stm32h7xx_hal_uart.o
                0x0000000008008148                UART_CheckIdleState
 .text.UART_WaitOnFlagUntilTimeout
                0x00000000080081d8      0x100 Drivers/STM32H7xx_HAL_Driver/Src/stm32h7xx_hal_uart.o
                0x00000000080081d8                UART_WaitOnFlagUntilTimeout
 .text.HAL_UARTEx_DisableFifoMode
                0x00000000080082d8       0x72 Drivers/STM32H7xx_HAL_Driver/Src/stm32h7xx_hal_uart_ex.o
                0x00000000080082d8                HAL_UARTEx_DisableFifoMode
 .text.HAL_UARTEx_SetTxFifoThreshold
                0x000000000800834a       0x7c Drivers/STM32H7xx_HAL_Driver/Src/stm32h7xx_hal_uart_ex.o
                0x000000000800834a                HAL_UARTEx_SetTxFifoThreshold
 .text.HAL_UARTEx_SetRxFifoThreshold
                0x00000000080083c6       0x7c Drivers/STM32H7xx_HAL_Driver/Src/stm32h7xx_hal_uart_ex.o
                0x00000000080083c6                HAL_UARTEx_SetRxFifoThreshold
 *fill*         0x0000000008008442        0x2 
 .text.UARTEx_SetNbDataToProcess
                0x0000000008008444       0xd0 Drivers/STM32H7xx_HAL_Driver/Src/stm32h7xx_hal_uart_ex.o
 .text.__libc_init_array
                0x0000000008008514       0x48 /opt/st/stm32cubeide_1.0.2/plugins/com.st.stm32cube.ide.mcu.externaltools.gnu-tools-for-stm32.7-2018-q2-update.linux64_1.0.0.201904181610/tools/bin/../lib/gcc/arm-none-eabi/7.3.1/../../../../arm-none-eabi/lib/thumb/v7e-m/fpv5/hard/libc_nano.a(lib_a-init.o)
                0x0000000008008514                __libc_init_array
 .text.memset   0x000000000800855c       0x10 /opt/st/stm32cubeide_1.0.2/plugins/com.st.stm32cube.ide.mcu.externaltools.gnu-tools-for-stm32.7-2018-q2-update.linux64_1.0.0.201904181610/tools/bin/../lib/gcc/arm-none-eabi/7.3.1/../../../../arm-none-eabi/lib/thumb/v7e-m/fpv5/hard/libc_nano.a(lib_a-memset.o)
                0x000000000800855c                memset
 *(.glue_7)
 .glue_7        0x000000000800856c        0x0 linker stubs
 *(.glue_7t)
 .glue_7t       0x000000000800856c        0x0 linker stubs
 *(.eh_frame)
 .eh_frame      0x000000000800856c        0x0 /opt/st/stm32cubeide_1.0.2/plugins/com.st.stm32cube.ide.mcu.externaltools.gnu-tools-for-stm32.7-2018-q2-update.linux64_1.0.0.201904181610/tools/bin/../lib/gcc/arm-none-eabi/7.3.1/thumb/v7e-m/fpv5/hard/crtbegin.o
 *(.init)
 .init          0x000000000800856c        0x4 /opt/st/stm32cubeide_1.0.2/plugins/com.st.stm32cube.ide.mcu.externaltools.gnu-tools-for-stm32.7-2018-q2-update.linux64_1.0.0.201904181610/tools/bin/../lib/gcc/arm-none-eabi/7.3.1/thumb/v7e-m/fpv5/hard/crti.o
                0x000000000800856c                _init
 .init          0x0000000008008570        0x8 /opt/st/stm32cubeide_1.0.2/plugins/com.st.stm32cube.ide.mcu.externaltools.gnu-tools-for-stm32.7-2018-q2-update.linux64_1.0.0.201904181610/tools/bin/../lib/gcc/arm-none-eabi/7.3.1/thumb/v7e-m/fpv5/hard/crtn.o
 *(.fini)
 .fini          0x0000000008008578        0x4 /opt/st/stm32cubeide_1.0.2/plugins/com.st.stm32cube.ide.mcu.externaltools.gnu-tools-for-stm32.7-2018-q2-update.linux64_1.0.0.201904181610/tools/bin/../lib/gcc/arm-none-eabi/7.3.1/thumb/v7e-m/fpv5/hard/crti.o
                0x0000000008008578                _fini
 .fini          0x000000000800857c        0x8 /opt/st/stm32cubeide_1.0.2/plugins/com.st.stm32cube.ide.mcu.externaltools.gnu-tools-for-stm32.7-2018-q2-update.linux64_1.0.0.201904181610/tools/bin/../lib/gcc/arm-none-eabi/7.3.1/thumb/v7e-m/fpv5/hard/crtn.o
                0x0000000008008584                . = ALIGN (0x4)
                0x0000000008008584                _etext = .

.vfp11_veneer   0x0000000008008584        0x0
 .vfp11_veneer  0x0000000008008584        0x0 linker stubs

.v4_bx          0x0000000008008584        0x0
 .v4_bx         0x0000000008008584        0x0 linker stubs

.iplt           0x0000000008008584        0x0
 .iplt          0x0000000008008584        0x0 /opt/st/stm32cubeide_1.0.2/plugins/com.st.stm32cube.ide.mcu.externaltools.gnu-tools-for-stm32.7-2018-q2-update.linux64_1.0.0.201904181610/tools/bin/../lib/gcc/arm-none-eabi/7.3.1/thumb/v7e-m/fpv5/hard/crtbegin.o

.rodata         0x0000000008008584       0x50
                0x0000000008008584                . = ALIGN (0x4)
 *(.rodata)
 .rodata        0x0000000008008584       0x10 Drivers/STM32H7xx_HAL_Driver/Src/stm32h7xx_hal_uart_ex.o
 *(.rodata*)
 .rodata.start_message
                0x0000000008008594        0xe Core/Src/main.o
                0x0000000008008594                start_message
 *fill*         0x00000000080085a2        0x2 
 .rodata.complete_message
                0x00000000080085a4       0x11 Core/Src/main.o
                0x00000000080085a4                complete_message
 *fill*         0x00000000080085b5        0x3 
 .rodata.error_message
                0x00000000080085b8        0xb Core/Src/main.o
                0x00000000080085b8                error_message
 *fill*         0x00000000080085c3        0x1 
 .rodata.D1CorePrescTable
                0x00000000080085c4       0x10 Core/Src/system_stm32h7xx.o
                0x00000000080085c4                D1CorePrescTable
                0x00000000080085d4                . = ALIGN (0x4)

.ARM.extab      0x00000000080085d4        0x0
                0x00000000080085d4                . = ALIGN (0x4)
 *(.ARM.extab* .gnu.linkonce.armextab.*)
                0x00000000080085d4                . = ALIGN (0x4)

.ARM            0x00000000080085d4        0x8
                0x00000000080085d4                . = ALIGN (0x4)
                0x00000000080085d4                __exidx_start = .
 *(.ARM.exidx*)
 .ARM.exidx     0x00000000080085d4        0x8 /opt/st/stm32cubeide_1.0.2/plugins/com.st.stm32cube.ide.mcu.externaltools.gnu-tools-for-stm32.7-2018-q2-update.linux64_1.0.0.201904181610/tools/bin/../lib/gcc/arm-none-eabi/7.3.1/thumb/v7e-m/fpv5/hard/libgcc.a(_udivmoddi4.o)
                0x00000000080085dc                __exidx_end = .
                0x00000000080085dc                . = ALIGN (0x4)

.rel.dyn        0x00000000080085dc        0x0
 .rel.iplt      0x00000000080085dc        0x0 /opt/st/stm32cubeide_1.0.2/plugins/com.st.stm32cube.ide.mcu.externaltools.gnu-tools-for-stm32.7-2018-q2-update.linux64_1.0.0.201904181610/tools/bin/../lib/gcc/arm-none-eabi/7.3.1/thumb/v7e-m/fpv5/hard/crtbegin.o

.preinit_array  0x00000000080085dc        0x0
                0x00000000080085dc                . = ALIGN (0x4)
                0x00000000080085dc                PROVIDE (__preinit_array_start = .)
 *(.preinit_array*)
                0x00000000080085dc                PROVIDE (__preinit_array_end = .)
                0x00000000080085dc                . = ALIGN (0x4)

.init_array     0x00000000080085dc        0x4
                0x00000000080085dc                . = ALIGN (0x4)
                0x00000000080085dc                PROVIDE (__init_array_start = .)
 *(SORT_BY_NAME(.init_array.*))
 *(.init_array*)
 .init_array    0x00000000080085dc        0x4 /opt/st/stm32cubeide_1.0.2/plugins/com.st.stm32cube.ide.mcu.externaltools.gnu-tools-for-stm32.7-2018-q2-update.linux64_1.0.0.201904181610/tools/bin/../lib/gcc/arm-none-eabi/7.3.1/thumb/v7e-m/fpv5/hard/crtbegin.o
                0x00000000080085e0                PROVIDE (__init_array_end = .)
                0x00000000080085e0                . = ALIGN (0x4)

.fini_array     0x00000000080085e0        0x4
                0x00000000080085e0                . = ALIGN (0x4)
                [!provide]                        PROVIDE (__fini_array_start = .)
 *(SORT_BY_NAME(.fini_array.*))
 *(.fini_array*)
 .fini_array    0x00000000080085e0        0x4 /opt/st/stm32cubeide_1.0.2/plugins/com.st.stm32cube.ide.mcu.externaltools.gnu-tools-for-stm32.7-2018-q2-update.linux64_1.0.0.201904181610/tools/bin/../lib/gcc/arm-none-eabi/7.3.1/thumb/v7e-m/fpv5/hard/crtbegin.o
                [!provide]                        PROVIDE (__fini_array_end = .)
                0x00000000080085e4                . = ALIGN (0x4)
                0x00000000080085e4                _sidata = LOADADDR (.data)

.data           0x0000000024000000       0x10 load address 0x00000000080085e4
                0x0000000024000000                . = ALIGN (0x4)
                0x0000000024000000                _sdata = .
 *(.data)
 *(.data*)
 .data.SystemCoreClock
                0x0000000024000000        0x4 Core/Src/system_stm32h7xx.o
                0x0000000024000000                SystemCoreClock
 .data.SystemD2Clock
                0x0000000024000004        0x4 Core/Src/system_stm32h7xx.o
                0x0000000024000004                SystemD2Clock
 .data.uwTickPrio
                0x0000000024000008        0x4 Drivers/STM32H7xx_HAL_Driver/Src/stm32h7xx_hal.o
                0x0000000024000008                uwTickPrio
 .data.uwTickFreq
                0x000000002400000c        0x1 Drivers/STM32H7xx_HAL_Driver/Src/stm32h7xx_hal.o
                0x000000002400000c                uwTickFreq
                0x0000000024000010                . = ALIGN (0x4)
 *fill*         0x000000002400000d        0x3 
                0x0000000024000010                _edata = .

.igot.plt       0x0000000024000010        0x0 load address 0x00000000080085f4
 .igot.plt      0x0000000024000010        0x0 /opt/st/stm32cubeide_1.0.2/plugins/com.st.stm32cube.ide.mcu.externaltools.gnu-tools-for-stm32.7-2018-q2-update.linux64_1.0.0.201904181610/tools/bin/../lib/gcc/arm-none-eabi/7.3.1/thumb/v7e-m/fpv5/hard/crtbegin.o
                0x0000000024000010                . = ALIGN (0x4)

.bss            0x0000000024000010       0xfc load address 0x00000000080085f4
                0x0000000024000010                _sbss = .
                0x0000000024000010                __bss_start__ = _sbss
 *(.bss)
 .bss           0x0000000024000010       0x1c /opt/st/stm32cubeide_1.0.2/plugins/com.st.stm32cube.ide.mcu.externaltools.gnu-tools-for-stm32.7-2018-q2-update.linux64_1.0.0.201904181610/tools/bin/../lib/gcc/arm-none-eabi/7.3.1/thumb/v7e-m/fpv5/hard/crtbegin.o
 *(.bss*)
 *(COMMON)
 COMMON         0x000000002400002c       0xd9 Core/Src/main.o
                0x000000002400002c                huart3
                0x00000000240000b8                hi2c1
                0x0000000024000104                buf
 *fill*         0x0000000024000105        0x3 
 COMMON         0x0000000024000108        0x4 Drivers/STM32H7xx_HAL_Driver/Src/stm32h7xx_hal.o
                0x0000000024000108                uwTick
                0x000000002400010c                . = ALIGN (0x4)
                0x000000002400010c                _ebss = .
                0x000000002400010c                __bss_end__ = _ebss

._user_heap_stack
                0x000000002400010c      0x604 load address 0x00000000080085f4
                0x0000000024000110                . = ALIGN (0x8)
 *fill*         0x000000002400010c        0x4 
                0x0000000024000110                PROVIDE (end = .)
                [!provide]                        PROVIDE (_end = .)
                0x0000000024000310                . = (. + _Min_Heap_Size)
 *fill*         0x0000000024000110      0x200 
                0x0000000024000710                . = (. + _Min_Stack_Size)
 *fill*         0x0000000024000310      0x400 
                0x0000000024000710                . = ALIGN (0x8)

/DISCARD/
 libc.a(*)
 libm.a(*)
 libgcc.a(*)

.ARM.attributes
                0x0000000000000000       0x2e
 *(.ARM.attributes)
 .ARM.attributes
                0x0000000000000000       0x20 /opt/st/stm32cubeide_1.0.2/plugins/com.st.stm32cube.ide.mcu.externaltools.gnu-tools-for-stm32.7-2018-q2-update.linux64_1.0.0.201904181610/tools/bin/../lib/gcc/arm-none-eabi/7.3.1/thumb/v7e-m/fpv5/hard/crti.o
 .ARM.attributes
                0x0000000000000020       0x32 /opt/st/stm32cubeide_1.0.2/plugins/com.st.stm32cube.ide.mcu.externaltools.gnu-tools-for-stm32.7-2018-q2-update.linux64_1.0.0.201904181610/tools/bin/../lib/gcc/arm-none-eabi/7.3.1/thumb/v7e-m/fpv5/hard/crtbegin.o
 .ARM.attributes
                0x0000000000000052       0x37 Core/Src/main.o
 .ARM.attributes
                0x0000000000000089       0x37 Core/Src/stm32h7xx_hal_msp.o
 .ARM.attributes
                0x00000000000000c0       0x37 Core/Src/stm32h7xx_it.o
 .ARM.attributes
                0x00000000000000f7       0x37 Core/Src/system_stm32h7xx.o
 .ARM.attributes
                0x000000000000012e       0x21 Core/Startup/startup_stm32h743zitx.o
 .ARM.attributes
                0x000000000000014f       0x37 Drivers/STM32H7xx_HAL_Driver/Src/stm32h7xx_hal.o
 .ARM.attributes
                0x0000000000000186       0x37 Drivers/STM32H7xx_HAL_Driver/Src/stm32h7xx_hal_cortex.o
 .ARM.attributes
                0x00000000000001bd       0x37 Drivers/STM32H7xx_HAL_Driver/Src/stm32h7xx_hal_dma.o
 .ARM.attributes
                0x00000000000001f4       0x37 Drivers/STM32H7xx_HAL_Driver/Src/stm32h7xx_hal_gpio.o
 .ARM.attributes
                0x000000000000022b       0x37 Drivers/STM32H7xx_HAL_Driver/Src/stm32h7xx_hal_i2c.o
 .ARM.attributes
                0x0000000000000262       0x37 Drivers/STM32H7xx_HAL_Driver/Src/stm32h7xx_hal_i2c_ex.o
 .ARM.attributes
                0x0000000000000299       0x37 Drivers/STM32H7xx_HAL_Driver/Src/stm32h7xx_hal_pwr_ex.o
 .ARM.attributes
                0x00000000000002d0       0x37 Drivers/STM32H7xx_HAL_Driver/Src/stm32h7xx_hal_rcc.o
 .ARM.attributes
                0x0000000000000307       0x37 Drivers/STM32H7xx_HAL_Driver/Src/stm32h7xx_hal_rcc_ex.o
 .ARM.attributes
                0x000000000000033e       0x37 Drivers/STM32H7xx_HAL_Driver/Src/stm32h7xx_hal_uart.o
 .ARM.attributes
                0x0000000000000375       0x37 Drivers/STM32H7xx_HAL_Driver/Src/stm32h7xx_hal_uart_ex.o
 .ARM.attributes
                0x00000000000003ac       0x32 /opt/st/stm32cubeide_1.0.2/plugins/com.st.stm32cube.ide.mcu.externaltools.gnu-tools-for-stm32.7-2018-q2-update.linux64_1.0.0.201904181610/tools/bin/../lib/gcc/arm-none-eabi/7.3.1/../../../../arm-none-eabi/lib/thumb/v7e-m/fpv5/hard/libc_nano.a(lib_a-init.o)
 .ARM.attributes
                0x00000000000003de       0x32 /opt/st/stm32cubeide_1.0.2/plugins/com.st.stm32cube.ide.mcu.externaltools.gnu-tools-for-stm32.7-2018-q2-update.linux64_1.0.0.201904181610/tools/bin/../lib/gcc/arm-none-eabi/7.3.1/../../../../arm-none-eabi/lib/thumb/v7e-m/fpv5/hard/libc_nano.a(lib_a-memset.o)
 .ARM.attributes
                0x0000000000000410       0x20 /opt/st/stm32cubeide_1.0.2/plugins/com.st.stm32cube.ide.mcu.externaltools.gnu-tools-for-stm32.7-2018-q2-update.linux64_1.0.0.201904181610/tools/bin/../lib/gcc/arm-none-eabi/7.3.1/thumb/v7e-m/fpv5/hard/libgcc.a(_aeabi_uldivmod.o)
 .ARM.attributes
                0x0000000000000430       0x32 /opt/st/stm32cubeide_1.0.2/plugins/com.st.stm32cube.ide.mcu.externaltools.gnu-tools-for-stm32.7-2018-q2-update.linux64_1.0.0.201904181610/tools/bin/../lib/gcc/arm-none-eabi/7.3.1/thumb/v7e-m/fpv5/hard/libgcc.a(_udivmoddi4.o)
 .ARM.attributes
                0x0000000000000462       0x20 /opt/st/stm32cubeide_1.0.2/plugins/com.st.stm32cube.ide.mcu.externaltools.gnu-tools-for-stm32.7-2018-q2-update.linux64_1.0.0.201904181610/tools/bin/../lib/gcc/arm-none-eabi/7.3.1/thumb/v7e-m/fpv5/hard/libgcc.a(_dvmd_tls.o)
 .ARM.attributes
                0x0000000000000482       0x20 /opt/st/stm32cubeide_1.0.2/plugins/com.st.stm32cube.ide.mcu.externaltools.gnu-tools-for-stm32.7-2018-q2-update.linux64_1.0.0.201904181610/tools/bin/../lib/gcc/arm-none-eabi/7.3.1/thumb/v7e-m/fpv5/hard/crtn.o
OUTPUT(nucleo-h743-i2c.elf elf32-littlearm)

.debug_info     0x0000000000000000    0x1913e
 .debug_info    0x0000000000000000     0x2580 Core/Src/main.o
 .debug_info    0x0000000000002580     0x1ca4 Core/Src/stm32h7xx_hal_msp.o
 .debug_info    0x0000000000004224     0x111e Core/Src/stm32h7xx_it.o
 .debug_info    0x0000000000005342     0x1322 Core/Src/system_stm32h7xx.o
 .debug_info    0x0000000000006664       0x22 Core/Startup/startup_stm32h743zitx.o
 .debug_info    0x0000000000006686     0x1e00 Drivers/STM32H7xx_HAL_Driver/Src/stm32h7xx_hal.o
 .debug_info    0x0000000000008486     0x1a74 Drivers/STM32H7xx_HAL_Driver/Src/stm32h7xx_hal_cortex.o
 .debug_info    0x0000000000009efa     0x15b7 Drivers/STM32H7xx_HAL_Driver/Src/stm32h7xx_hal_dma.o
 .debug_info    0x000000000000b4b1     0x1640 Drivers/STM32H7xx_HAL_Driver/Src/stm32h7xx_hal_gpio.o
 .debug_info    0x000000000000caf1     0x2a8f Drivers/STM32H7xx_HAL_Driver/Src/stm32h7xx_hal_i2c.o
 .debug_info    0x000000000000f580     0x1714 Drivers/STM32H7xx_HAL_Driver/Src/stm32h7xx_hal_i2c_ex.o
 .debug_info    0x0000000000010c94     0x1915 Drivers/STM32H7xx_HAL_Driver/Src/stm32h7xx_hal_pwr_ex.o
 .debug_info    0x00000000000125a9     0x17a1 Drivers/STM32H7xx_HAL_Driver/Src/stm32h7xx_hal_rcc.o
 .debug_info    0x0000000000013d4a     0x1af9 Drivers/STM32H7xx_HAL_Driver/Src/stm32h7xx_hal_rcc_ex.o
 .debug_info    0x0000000000015843     0x2478 Drivers/STM32H7xx_HAL_Driver/Src/stm32h7xx_hal_uart.o
 .debug_info    0x0000000000017cbb     0x1483 Drivers/STM32H7xx_HAL_Driver/Src/stm32h7xx_hal_uart_ex.o

.debug_abbrev   0x0000000000000000     0x27ca
 .debug_abbrev  0x0000000000000000      0x2fa Core/Src/main.o
 .debug_abbrev  0x00000000000002fa      0x226 Core/Src/stm32h7xx_hal_msp.o
 .debug_abbrev  0x0000000000000520      0x1d6 Core/Src/stm32h7xx_it.o
 .debug_abbrev  0x00000000000006f6      0x21f Core/Src/system_stm32h7xx.o
 .debug_abbrev  0x0000000000000915       0x12 Core/Startup/startup_stm32h743zitx.o
 .debug_abbrev  0x0000000000000927      0x2d9 Drivers/STM32H7xx_HAL_Driver/Src/stm32h7xx_hal.o
 .debug_abbrev  0x0000000000000c00      0x3b5 Drivers/STM32H7xx_HAL_Driver/Src/stm32h7xx_hal_cortex.o
 .debug_abbrev  0x0000000000000fb5      0x289 Drivers/STM32H7xx_HAL_Driver/Src/stm32h7xx_hal_dma.o
 .debug_abbrev  0x000000000000123e      0x28f Drivers/STM32H7xx_HAL_Driver/Src/stm32h7xx_hal_gpio.o
 .debug_abbrev  0x00000000000014cd      0x2ac Drivers/STM32H7xx_HAL_Driver/Src/stm32h7xx_hal_i2c.o
 .debug_abbrev  0x0000000000001779      0x266 Drivers/STM32H7xx_HAL_Driver/Src/stm32h7xx_hal_i2c_ex.o
 .debug_abbrev  0x00000000000019df      0x311 Drivers/STM32H7xx_HAL_Driver/Src/stm32h7xx_hal_pwr_ex.o
 .debug_abbrev  0x0000000000001cf0      0x2e2 Drivers/STM32H7xx_HAL_Driver/Src/stm32h7xx_hal_rcc.o
 .debug_abbrev  0x0000000000001fd2      0x2db Drivers/STM32H7xx_HAL_Driver/Src/stm32h7xx_hal_rcc_ex.o
 .debug_abbrev  0x00000000000022ad      0x2ae Drivers/STM32H7xx_HAL_Driver/Src/stm32h7xx_hal_uart.o
 .debug_abbrev  0x000000000000255b      0x26f Drivers/STM32H7xx_HAL_Driver/Src/stm32h7xx_hal_uart_ex.o

.debug_aranges  0x0000000000000000      0xda0
 .debug_aranges
                0x0000000000000000       0x68 Core/Src/main.o
 .debug_aranges
                0x0000000000000068       0x40 Core/Src/stm32h7xx_hal_msp.o
 .debug_aranges
                0x00000000000000a8       0x70 Core/Src/stm32h7xx_it.o
 .debug_aranges
                0x0000000000000118       0x28 Core/Src/system_stm32h7xx.o
 .debug_aranges
                0x0000000000000140       0x28 Core/Startup/startup_stm32h743zitx.o
 .debug_aranges
                0x0000000000000168      0x1b8 Drivers/STM32H7xx_HAL_Driver/Src/stm32h7xx_hal.o
 .debug_aranges
                0x0000000000000320      0x120 Drivers/STM32H7xx_HAL_Driver/Src/stm32h7xx_hal_cortex.o
 .debug_aranges
                0x0000000000000440       0xa0 Drivers/STM32H7xx_HAL_Driver/Src/stm32h7xx_hal_dma.o
 .debug_aranges
                0x00000000000004e0       0x58 Drivers/STM32H7xx_HAL_Driver/Src/stm32h7xx_hal_gpio.o
 .debug_aranges
                0x0000000000000538      0x290 Drivers/STM32H7xx_HAL_Driver/Src/stm32h7xx_hal_i2c.o
 .debug_aranges
                0x00000000000007c8       0x48 Drivers/STM32H7xx_HAL_Driver/Src/stm32h7xx_hal_i2c_ex.o
 .debug_aranges
                0x0000000000000810      0x158 Drivers/STM32H7xx_HAL_Driver/Src/stm32h7xx_hal_pwr_ex.o
 .debug_aranges
                0x0000000000000968       0x88 Drivers/STM32H7xx_HAL_Driver/Src/stm32h7xx_hal_rcc.o
 .debug_aranges
                0x00000000000009f0       0xf8 Drivers/STM32H7xx_HAL_Driver/Src/stm32h7xx_hal_rcc_ex.o
 .debug_aranges
                0x0000000000000ae8      0x230 Drivers/STM32H7xx_HAL_Driver/Src/stm32h7xx_hal_uart.o
 .debug_aranges
                0x0000000000000d18       0x88 Drivers/STM32H7xx_HAL_Driver/Src/stm32h7xx_hal_uart_ex.o

.debug_ranges   0x0000000000000000      0xca8
 .debug_ranges  0x0000000000000000       0x58 Core/Src/main.o
 .debug_ranges  0x0000000000000058       0x30 Core/Src/stm32h7xx_hal_msp.o
 .debug_ranges  0x0000000000000088       0x60 Core/Src/stm32h7xx_it.o
 .debug_ranges  0x00000000000000e8       0x18 Core/Src/system_stm32h7xx.o
 .debug_ranges  0x0000000000000100       0x20 Core/Startup/startup_stm32h743zitx.o
 .debug_ranges  0x0000000000000120      0x1a8 Drivers/STM32H7xx_HAL_Driver/Src/stm32h7xx_hal.o
 .debug_ranges  0x00000000000002c8      0x110 Drivers/STM32H7xx_HAL_Driver/Src/stm32h7xx_hal_cortex.o
 .debug_ranges  0x00000000000003d8       0x90 Drivers/STM32H7xx_HAL_Driver/Src/stm32h7xx_hal_dma.o
 .debug_ranges  0x0000000000000468       0x48 Drivers/STM32H7xx_HAL_Driver/Src/stm32h7xx_hal_gpio.o
 .debug_ranges  0x00000000000004b0      0x280 Drivers/STM32H7xx_HAL_Driver/Src/stm32h7xx_hal_i2c.o
 .debug_ranges  0x0000000000000730       0x38 Drivers/STM32H7xx_HAL_Driver/Src/stm32h7xx_hal_i2c_ex.o
 .debug_ranges  0x0000000000000768      0x148 Drivers/STM32H7xx_HAL_Driver/Src/stm32h7xx_hal_pwr_ex.o
 .debug_ranges  0x00000000000008b0       0x78 Drivers/STM32H7xx_HAL_Driver/Src/stm32h7xx_hal_rcc.o
 .debug_ranges  0x0000000000000928       0xe8 Drivers/STM32H7xx_HAL_Driver/Src/stm32h7xx_hal_rcc_ex.o
 .debug_ranges  0x0000000000000a10      0x220 Drivers/STM32H7xx_HAL_Driver/Src/stm32h7xx_hal_uart.o
 .debug_ranges  0x0000000000000c30       0x78 Drivers/STM32H7xx_HAL_Driver/Src/stm32h7xx_hal_uart_ex.o

.debug_macro    0x0000000000000000    0x3540c
 .debug_macro   0x0000000000000000      0x295 Core/Src/main.o
 .debug_macro   0x0000000000000295      0xa66 Core/Src/main.o
 .debug_macro   0x0000000000000cfb      0x215 Core/Src/main.o
 .debug_macro   0x0000000000000f10       0x2e Core/Src/main.o
 .debug_macro   0x0000000000000f3e       0x3b Core/Src/main.o
 .debug_macro   0x0000000000000f79       0x22 Core/Src/main.o
 .debug_macro   0x0000000000000f9b       0x8e Core/Src/main.o
 .debug_macro   0x0000000000001029       0x51 Core/Src/main.o
 .debug_macro   0x000000000000107a       0xef Core/Src/main.o
 .debug_macro   0x0000000000001169       0x6a Core/Src/main.o
 .debug_macro   0x00000000000011d3      0x1df Core/Src/main.o
 .debug_macro   0x00000000000013b2       0x1c Core/Src/main.o
 .debug_macro   0x00000000000013ce       0x22 Core/Src/main.o
 .debug_macro   0x00000000000013f0       0xdf Core/Src/main.o
 .debug_macro   0x00000000000014cf     0x12cd Core/Src/main.o
 .debug_macro   0x000000000000279c      0x11f Core/Src/main.o
 .debug_macro   0x00000000000028bb       0x19 Core/Src/main.o
 .debug_macro   0x00000000000028d4    0x25393 Core/Src/main.o
 .debug_macro   0x0000000000027c67       0x43 Core/Src/main.o
 .debug_macro   0x0000000000027caa     0x3cd3 Core/Src/main.o
 .debug_macro   0x000000000002b97d      0x174 Core/Src/main.o
 .debug_macro   0x000000000002baf1       0x46 Core/Src/main.o
 .debug_macro   0x000000000002bb37       0x17 Core/Src/main.o
 .debug_macro   0x000000000002bb4e       0x3c Core/Src/main.o
 .debug_macro   0x000000000002bb8a       0x34 Core/Src/main.o
 .debug_macro   0x000000000002bbbe       0x52 Core/Src/main.o
 .debug_macro   0x000000000002bc10       0x1f Core/Src/main.o
 .debug_macro   0x000000000002bc2f       0x43 Core/Src/main.o
 .debug_macro   0x000000000002bc72       0x20 Core/Src/main.o
 .debug_macro   0x000000000002bc92      0x1a3 Core/Src/main.o
 .debug_macro   0x000000000002be35      0x32a Core/Src/main.o
 .debug_macro   0x000000000002c15f      0x1e1 Core/Src/main.o
 .debug_macro   0x000000000002c340       0x54 Core/Src/main.o
 .debug_macro   0x000000000002c394     0x2382 Core/Src/main.o
 .debug_macro   0x000000000002e716      0xfe6 Core/Src/main.o
 .debug_macro   0x000000000002f6fc      0x138 Core/Src/main.o
 .debug_macro   0x000000000002f834      0x117 Core/Src/main.o
 .debug_macro   0x000000000002f94b      0x394 Core/Src/main.o
 .debug_macro   0x000000000002fcdf       0x27 Core/Src/main.o
 .debug_macro   0x000000000002fd06      0x72d Core/Src/main.o
 .debug_macro   0x0000000000030433      0x229 Core/Src/main.o
 .debug_macro   0x000000000003065c       0x66 Core/Src/main.o
 .debug_macro   0x00000000000306c2      0x3ad Core/Src/main.o
 .debug_macro   0x0000000000030a6f      0x3e5 Core/Src/main.o
 .debug_macro   0x0000000000030e54      0x275 Core/Src/main.o
 .debug_macro   0x00000000000310c9      0x3cb Core/Src/main.o
 .debug_macro   0x0000000000031494      0x40f Core/Src/main.o
 .debug_macro   0x00000000000318a3       0x51 Core/Src/main.o
 .debug_macro   0x00000000000318f4       0x4a Core/Src/main.o
 .debug_macro   0x000000000003193e      0x22c Core/Src/main.o
 .debug_macro   0x0000000000031b6a       0x58 Core/Src/main.o
 .debug_macro   0x0000000000031bc2       0xa5 Core/Src/main.o
 .debug_macro   0x0000000000031c67      0x1c5 Core/Src/main.o
 .debug_macro   0x0000000000031e2c      0x259 Core/Src/main.o
 .debug_macro   0x0000000000032085       0x35 Core/Src/main.o
 .debug_macro   0x00000000000320ba      0x662 Core/Src/main.o
 .debug_macro   0x000000000003271c       0xa6 Core/Src/main.o
 .debug_macro   0x00000000000327c2      0x58b Core/Src/main.o
 .debug_macro   0x0000000000032d4d      0x10c Core/Src/main.o
 .debug_macro   0x0000000000032e59      0x295 Core/Src/stm32h7xx_hal_msp.o
 .debug_macro   0x00000000000330ee      0x29f Core/Src/stm32h7xx_it.o
 .debug_macro   0x000000000003338d      0x28c Core/Src/system_stm32h7xx.o
 .debug_macro   0x0000000000033619      0x2b0 Drivers/STM32H7xx_HAL_Driver/Src/stm32h7xx_hal.o
 .debug_macro   0x00000000000338c9      0x286 Drivers/STM32H7xx_HAL_Driver/Src/stm32h7xx_hal_cortex.o
 .debug_macro   0x0000000000033b4f      0x2da Drivers/STM32H7xx_HAL_Driver/Src/stm32h7xx_hal_dma.o
 .debug_macro   0x0000000000033e29      0x2c2 Drivers/STM32H7xx_HAL_Driver/Src/stm32h7xx_hal_gpio.o
 .debug_macro   0x00000000000340eb      0x34b Drivers/STM32H7xx_HAL_Driver/Src/stm32h7xx_hal_i2c.o
 .debug_macro   0x0000000000034436      0x286 Drivers/STM32H7xx_HAL_Driver/Src/stm32h7xx_hal_i2c_ex.o
 .debug_macro   0x00000000000346bc      0x2bf Drivers/STM32H7xx_HAL_Driver/Src/stm32h7xx_hal_pwr_ex.o
 .debug_macro   0x000000000003497b      0x2aa Drivers/STM32H7xx_HAL_Driver/Src/stm32h7xx_hal_rcc.o
 .debug_macro   0x0000000000034c25      0x2a4 Drivers/STM32H7xx_HAL_Driver/Src/stm32h7xx_hal_rcc_ex.o
 .debug_macro   0x0000000000034ec9      0x2b1 Drivers/STM32H7xx_HAL_Driver/Src/stm32h7xx_hal_uart.o
 .debug_macro   0x000000000003517a      0x292 Drivers/STM32H7xx_HAL_Driver/Src/stm32h7xx_hal_uart_ex.o

.debug_line     0x0000000000000000     0xdd53
 .debug_line    0x0000000000000000      0x98a Core/Src/main.o
 .debug_line    0x000000000000098a      0x84d Core/Src/stm32h7xx_hal_msp.o
 .debug_line    0x00000000000011d7      0x8b2 Core/Src/stm32h7xx_it.o
 .debug_line    0x0000000000001a89      0x82a Core/Src/system_stm32h7xx.o
 .debug_line    0x00000000000022b3       0x85 Core/Startup/startup_stm32h743zitx.o
 .debug_line    0x0000000000002338      0xbe8 Drivers/STM32H7xx_HAL_Driver/Src/stm32h7xx_hal.o
 .debug_line    0x0000000000002f20      0xb26 Drivers/STM32H7xx_HAL_Driver/Src/stm32h7xx_hal_cortex.o
 .debug_line    0x0000000000003a46     0x1cdd Drivers/STM32H7xx_HAL_Driver/Src/stm32h7xx_hal_dma.o
 .debug_line    0x0000000000005723      0x9e1 Drivers/STM32H7xx_HAL_Driver/Src/stm32h7xx_hal_gpio.o
 .debug_line    0x0000000000006104     0x1e5e Drivers/STM32H7xx_HAL_Driver/Src/stm32h7xx_hal_i2c.o
 .debug_line    0x0000000000007f62      0x92e Drivers/STM32H7xx_HAL_Driver/Src/stm32h7xx_hal_i2c_ex.o
 .debug_line    0x0000000000008890      0xbbe Drivers/STM32H7xx_HAL_Driver/Src/stm32h7xx_hal_pwr_ex.o
 .debug_line    0x000000000000944e      0xb93 Drivers/STM32H7xx_HAL_Driver/Src/stm32h7xx_hal_rcc.o
 .debug_line    0x0000000000009fe1      0xe20 Drivers/STM32H7xx_HAL_Driver/Src/stm32h7xx_hal_rcc_ex.o
 .debug_line    0x000000000000ae01     0x24f9 Drivers/STM32H7xx_HAL_Driver/Src/stm32h7xx_hal_uart.o
 .debug_line    0x000000000000d2fa      0xa59 Drivers/STM32H7xx_HAL_Driver/Src/stm32h7xx_hal_uart_ex.o

.debug_str      0x0000000000000000   0x1542da
 .debug_str     0x0000000000000000   0x14f8ef Core/Src/main.o
                                     0x14fee2 (size before relaxing)
 .debug_str     0x000000000014f8ef      0x82a Core/Src/stm32h7xx_hal_msp.o
                                     0x14ffd5 (size before relaxing)
 .debug_str     0x0000000000150119       0xe3 Core/Src/stm32h7xx_it.o
                                     0x14f382 (size before relaxing)
 .debug_str     0x00000000001501fc       0xda Core/Src/system_stm32h7xx.o
                                     0x14eca0 (size before relaxing)
 .debug_str     0x00000000001502d6       0x36 Core/Startup/startup_stm32h743zitx.o
                                         0x7f (size before relaxing)
 .debug_str     0x000000000015030c      0x7ec Drivers/STM32H7xx_HAL_Driver/Src/stm32h7xx_hal.o
                                     0x14fc82 (size before relaxing)
 .debug_str     0x0000000000150af8      0x39c Drivers/STM32H7xx_HAL_Driver/Src/stm32h7xx_hal_cortex.o
                                     0x14f70d (size before relaxing)
 .debug_str     0x0000000000150e94      0x893 Drivers/STM32H7xx_HAL_Driver/Src/stm32h7xx_hal_dma.o
                                     0x14f4ee (size before relaxing)
 .debug_str     0x0000000000151727      0x1ff Drivers/STM32H7xx_HAL_Driver/Src/stm32h7xx_hal_gpio.o
                                     0x14eea5 (size before relaxing)
 .debug_str     0x0000000000151926      0xd1a Drivers/STM32H7xx_HAL_Driver/Src/stm32h7xx_hal_i2c.o
                                     0x14fd38 (size before relaxing)
 .debug_str     0x0000000000152640       0xb8 Drivers/STM32H7xx_HAL_Driver/Src/stm32h7xx_hal_i2c_ex.o
                                     0x14f1e0 (size before relaxing)
 .debug_str     0x00000000001526f8      0x638 Drivers/STM32H7xx_HAL_Driver/Src/stm32h7xx_hal_pwr_ex.o
                                     0x14f259 (size before relaxing)
 .debug_str     0x0000000000152d30      0x38c Drivers/STM32H7xx_HAL_Driver/Src/stm32h7xx_hal_rcc.o
                                     0x14f134 (size before relaxing)
 .debug_str     0x00000000001530bc      0x653 Drivers/STM32H7xx_HAL_Driver/Src/stm32h7xx_hal_rcc_ex.o
                                     0x14f5e6 (size before relaxing)
 .debug_str     0x000000000015370f      0x93e Drivers/STM32H7xx_HAL_Driver/Src/stm32h7xx_hal_uart.o
                                     0x14fa5c (size before relaxing)
 .debug_str     0x000000000015404d      0x28d Drivers/STM32H7xx_HAL_Driver/Src/stm32h7xx_hal_uart_ex.o
                                     0x14f0a4 (size before relaxing)

.comment        0x0000000000000000       0x7b
 .comment       0x0000000000000000       0x7b Core/Src/main.o
                                         0x7c (size before relaxing)
 .comment       0x000000000000007b       0x7c Core/Src/stm32h7xx_hal_msp.o
 .comment       0x000000000000007b       0x7c Core/Src/stm32h7xx_it.o
 .comment       0x000000000000007b       0x7c Core/Src/system_stm32h7xx.o
 .comment       0x000000000000007b       0x7c Drivers/STM32H7xx_HAL_Driver/Src/stm32h7xx_hal.o
 .comment       0x000000000000007b       0x7c Drivers/STM32H7xx_HAL_Driver/Src/stm32h7xx_hal_cortex.o
 .comment       0x000000000000007b       0x7c Drivers/STM32H7xx_HAL_Driver/Src/stm32h7xx_hal_dma.o
 .comment       0x000000000000007b       0x7c Drivers/STM32H7xx_HAL_Driver/Src/stm32h7xx_hal_gpio.o
 .comment       0x000000000000007b       0x7c Drivers/STM32H7xx_HAL_Driver/Src/stm32h7xx_hal_i2c.o
 .comment       0x000000000000007b       0x7c Drivers/STM32H7xx_HAL_Driver/Src/stm32h7xx_hal_i2c_ex.o
 .comment       0x000000000000007b       0x7c Drivers/STM32H7xx_HAL_Driver/Src/stm32h7xx_hal_pwr_ex.o
 .comment       0x000000000000007b       0x7c Drivers/STM32H7xx_HAL_Driver/Src/stm32h7xx_hal_rcc.o
 .comment       0x000000000000007b       0x7c Drivers/STM32H7xx_HAL_Driver/Src/stm32h7xx_hal_rcc_ex.o
 .comment       0x000000000000007b       0x7c Drivers/STM32H7xx_HAL_Driver/Src/stm32h7xx_hal_uart.o
 .comment       0x000000000000007b       0x7c Drivers/STM32H7xx_HAL_Driver/Src/stm32h7xx_hal_uart_ex.o

.debug_frame    0x0000000000000000     0x38cc
 .debug_frame   0x0000000000000000      0x160 Core/Src/main.o
 .debug_frame   0x0000000000000160       0xc8 Core/Src/stm32h7xx_hal_msp.o
 .debug_frame   0x0000000000000228      0x144 Core/Src/stm32h7xx_it.o
 .debug_frame   0x000000000000036c       0x58 Core/Src/system_stm32h7xx.o
 .debug_frame   0x00000000000003c4      0x710 Drivers/STM32H7xx_HAL_Driver/Src/stm32h7xx_hal.o
 .debug_frame   0x0000000000000ad4      0x4b8 Drivers/STM32H7xx_HAL_Driver/Src/stm32h7xx_hal_cortex.o
 .debug_frame   0x0000000000000f8c      0x2b4 Drivers/STM32H7xx_HAL_Driver/Src/stm32h7xx_hal_dma.o
 .debug_frame   0x0000000000001240      0x14c Drivers/STM32H7xx_HAL_Driver/Src/stm32h7xx_hal_gpio.o
 .debug_frame   0x000000000000138c      0xbf0 Drivers/STM32H7xx_HAL_Driver/Src/stm32h7xx_hal_i2c.o
 .debug_frame   0x0000000000001f7c      0x100 Drivers/STM32H7xx_HAL_Driver/Src/stm32h7xx_hal_i2c_ex.o
 .debug_frame   0x000000000000207c      0x580 Drivers/STM32H7xx_HAL_Driver/Src/stm32h7xx_hal_pwr_ex.o
 .debug_frame   0x00000000000025fc      0x1f8 Drivers/STM32H7xx_HAL_Driver/Src/stm32h7xx_hal_rcc.o
 .debug_frame   0x00000000000027f4      0x3f4 Drivers/STM32H7xx_HAL_Driver/Src/stm32h7xx_hal_rcc_ex.o
 .debug_frame   0x0000000000002be8      0xa0c Drivers/STM32H7xx_HAL_Driver/Src/stm32h7xx_hal_uart.o
 .debug_frame   0x00000000000035f4      0x22c Drivers/STM32H7xx_HAL_Driver/Src/stm32h7xx_hal_uart_ex.o
 .debug_frame   0x0000000000003820       0x2c /opt/st/stm32cubeide_1.0.2/plugins/com.st.stm32cube.ide.mcu.externaltools.gnu-tools-for-stm32.7-2018-q2-update.linux64_1.0.0.201904181610/tools/bin/../lib/gcc/arm-none-eabi/7.3.1/../../../../arm-none-eabi/lib/thumb/v7e-m/fpv5/hard/libc_nano.a(lib_a-init.o)
 .debug_frame   0x000000000000384c       0x20 /opt/st/stm32cubeide_1.0.2/plugins/com.st.stm32cube.ide.mcu.externaltools.gnu-tools-for-stm32.7-2018-q2-update.linux64_1.0.0.201904181610/tools/bin/../lib/gcc/arm-none-eabi/7.3.1/../../../../arm-none-eabi/lib/thumb/v7e-m/fpv5/hard/libc_nano.a(lib_a-memset.o)
 .debug_frame   0x000000000000386c       0x2c /opt/st/stm32cubeide_1.0.2/plugins/com.st.stm32cube.ide.mcu.externaltools.gnu-tools-for-stm32.7-2018-q2-update.linux64_1.0.0.201904181610/tools/bin/../lib/gcc/arm-none-eabi/7.3.1/thumb/v7e-m/fpv5/hard/libgcc.a(_aeabi_uldivmod.o)
 .debug_frame   0x0000000000003898       0x34 /opt/st/stm32cubeide_1.0.2/plugins/com.st.stm32cube.ide.mcu.externaltools.gnu-tools-for-stm32.7-2018-q2-update.linux64_1.0.0.201904181610/tools/bin/../lib/gcc/arm-none-eabi/7.3.1/thumb/v7e-m/fpv5/hard/libgcc.a(_udivmoddi4.o)
