Archive member included to satisfy reference by file (symbol)

/opt/st/stm32cubeide_1.0.2/plugins/com.st.stm32cube.ide.mcu.externaltools.gnu-tools-for-stm32.7-2018-q2-update.linux64_1.0.0.201904181610/tools/bin/../lib/gcc/arm-none-eabi/7.3.1/../../../../arm-none-eabi/lib/thumb/v7-m/libc_nano.a(lib_a-errno.o)
                              Core/Src/syscalls.o (__errno)
/opt/st/stm32cubeide_1.0.2/plugins/com.st.stm32cube.ide.mcu.externaltools.gnu-tools-for-stm32.7-2018-q2-update.linux64_1.0.0.201904181610/tools/bin/../lib/gcc/arm-none-eabi/7.3.1/../../../../arm-none-eabi/lib/thumb/v7-m/libc_nano.a(lib_a-exit.o)
                              /opt/st/stm32cubeide_1.0.2/plugins/com.st.stm32cube.ide.mcu.externaltools.gnu-tools-for-stm32.7-2018-q2-update.linux64_1.0.0.201904181610/tools/bin/../lib/gcc/arm-none-eabi/7.3.1/../../../../arm-none-eabi/lib/thumb/v7-m/crt0.o (exit)
/opt/st/stm32cubeide_1.0.2/plugins/com.st.stm32cube.ide.mcu.externaltools.gnu-tools-for-stm32.7-2018-q2-update.linux64_1.0.0.201904181610/tools/bin/../lib/gcc/arm-none-eabi/7.3.1/../../../../arm-none-eabi/lib/thumb/v7-m/libc_nano.a(lib_a-impure.o)
                              /opt/st/stm32cubeide_1.0.2/plugins/com.st.stm32cube.ide.mcu.externaltools.gnu-tools-for-stm32.7-2018-q2-update.linux64_1.0.0.201904181610/tools/bin/../lib/gcc/arm-none-eabi/7.3.1/../../../../arm-none-eabi/lib/thumb/v7-m/libc_nano.a(lib_a-exit.o) (_global_impure_ptr)
/opt/st/stm32cubeide_1.0.2/plugins/com.st.stm32cube.ide.mcu.externaltools.gnu-tools-for-stm32.7-2018-q2-update.linux64_1.0.0.201904181610/tools/bin/../lib/gcc/arm-none-eabi/7.3.1/../../../../arm-none-eabi/lib/thumb/v7-m/libc_nano.a(lib_a-init.o)
                              /opt/st/stm32cubeide_1.0.2/plugins/com.st.stm32cube.ide.mcu.externaltools.gnu-tools-for-stm32.7-2018-q2-update.linux64_1.0.0.201904181610/tools/bin/../lib/gcc/arm-none-eabi/7.3.1/../../../../arm-none-eabi/lib/thumb/v7-m/crt0.o (__libc_init_array)
/opt/st/stm32cubeide_1.0.2/plugins/com.st.stm32cube.ide.mcu.externaltools.gnu-tools-for-stm32.7-2018-q2-update.linux64_1.0.0.201904181610/tools/bin/../lib/gcc/arm-none-eabi/7.3.1/../../../../arm-none-eabi/lib/thumb/v7-m/libc_nano.a(lib_a-memset.o)
                              /opt/st/stm32cubeide_1.0.2/plugins/com.st.stm32cube.ide.mcu.externaltools.gnu-tools-for-stm32.7-2018-q2-update.linux64_1.0.0.201904181610/tools/bin/../lib/gcc/arm-none-eabi/7.3.1/../../../../arm-none-eabi/lib/thumb/v7-m/crt0.o (memset)

Allocating common symbols
Common symbol       size              file

uwTick              0x4               Drivers/STM32L1xx_HAL_Driver/Src/stm32l1xx_hal.o
pFlash              0x18              Drivers/STM32L1xx_HAL_Driver/Src/stm32l1xx_hal_flash.o
huart2              0x40              Core/Src/main.o

Discarded input sections

 .text          0x0000000000000000        0x0 /opt/st/stm32cubeide_1.0.2/plugins/com.st.stm32cube.ide.mcu.externaltools.gnu-tools-for-stm32.7-2018-q2-update.linux64_1.0.0.201904181610/tools/bin/../lib/gcc/arm-none-eabi/7.3.1/thumb/v7-m/crti.o
 .data          0x0000000000000000        0x0 /opt/st/stm32cubeide_1.0.2/plugins/com.st.stm32cube.ide.mcu.externaltools.gnu-tools-for-stm32.7-2018-q2-update.linux64_1.0.0.201904181610/tools/bin/../lib/gcc/arm-none-eabi/7.3.1/thumb/v7-m/crti.o
 .bss           0x0000000000000000        0x0 /opt/st/stm32cubeide_1.0.2/plugins/com.st.stm32cube.ide.mcu.externaltools.gnu-tools-for-stm32.7-2018-q2-update.linux64_1.0.0.201904181610/tools/bin/../lib/gcc/arm-none-eabi/7.3.1/thumb/v7-m/crti.o
 .data          0x0000000000000000        0x4 /opt/st/stm32cubeide_1.0.2/plugins/com.st.stm32cube.ide.mcu.externaltools.gnu-tools-for-stm32.7-2018-q2-update.linux64_1.0.0.201904181610/tools/bin/../lib/gcc/arm-none-eabi/7.3.1/thumb/v7-m/crtbegin.o
 .text          0x0000000000000000       0x74 /opt/st/stm32cubeide_1.0.2/plugins/com.st.stm32cube.ide.mcu.externaltools.gnu-tools-for-stm32.7-2018-q2-update.linux64_1.0.0.201904181610/tools/bin/../lib/gcc/arm-none-eabi/7.3.1/../../../../arm-none-eabi/lib/thumb/v7-m/crt0.o
 .data          0x0000000000000000        0x0 /opt/st/stm32cubeide_1.0.2/plugins/com.st.stm32cube.ide.mcu.externaltools.gnu-tools-for-stm32.7-2018-q2-update.linux64_1.0.0.201904181610/tools/bin/../lib/gcc/arm-none-eabi/7.3.1/../../../../arm-none-eabi/lib/thumb/v7-m/crt0.o
 .bss           0x0000000000000000        0x0 /opt/st/stm32cubeide_1.0.2/plugins/com.st.stm32cube.ide.mcu.externaltools.gnu-tools-for-stm32.7-2018-q2-update.linux64_1.0.0.201904181610/tools/bin/../lib/gcc/arm-none-eabi/7.3.1/../../../../arm-none-eabi/lib/thumb/v7-m/crt0.o
 .ARM.extab     0x0000000000000000        0x0 /opt/st/stm32cubeide_1.0.2/plugins/com.st.stm32cube.ide.mcu.externaltools.gnu-tools-for-stm32.7-2018-q2-update.linux64_1.0.0.201904181610/tools/bin/../lib/gcc/arm-none-eabi/7.3.1/../../../../arm-none-eabi/lib/thumb/v7-m/crt0.o
[...]
Memory Configuration

Name             Origin             Length             Attributes
RAM              0x0000000020000000 0x0000000000014000 xrw
FLASH            0x0000000008000000 0x0000000000080000 xr
*default*        0x0000000000000000 0xffffffffffffffff

Linker script and memory map

LOAD /opt/st/stm32cubeide_1.0.2/plugins/com.st.stm32cube.ide.mcu.externaltools.gnu-tools-for-stm32.7-2018-q2-update.linux64_1.0.0.201904181610/tools/bin/../lib/gcc/arm-none-eabi/7.3.1/thumb/v7-m/crti.o
LOAD /opt/st/stm32cubeide_1.0.2/plugins/com.st.stm32cube.ide.mcu.externaltools.gnu-tools-for-stm32.7-2018-q2-update.linux64_1.0.0.201904181610/tools/bin/../lib/gcc/arm-none-eabi/7.3.1/thumb/v7-m/crtbegin.o
LOAD /opt/st/stm32cubeide_1.0.2/plugins/com.st.stm32cube.ide.mcu.externaltools.gnu-tools-for-stm32.7-2018-q2-update.linux64_1.0.0.201904181610/tools/bin/../lib/gcc/arm-none-eabi/7.3.1/../../../../arm-none-eabi/lib/thumb/v7-m/crt0.o
LOAD Core/Src/main.o
LOAD Core/Src/stm32l1xx_hal_msp.o
LOAD Core/Src/stm32l1xx_it.o
LOAD Core/Src/syscalls.o
LOAD Core/Src/sysmem.o
LOAD Core/Src/system_stm32l1xx.o
LOAD Core/Startup/startup_stm32l152retx.o
LOAD Drivers/STM32L1xx_HAL_Driver/Src/stm32l1xx_hal.o
LOAD Drivers/STM32L1xx_HAL_Driver/Src/stm32l1xx_hal_cortex.o
LOAD Drivers/STM32L1xx_HAL_Driver/Src/stm32l1xx_hal_dma.o
LOAD Drivers/STM32L1xx_HAL_Driver/Src/stm32l1xx_hal_flash.o
LOAD Drivers/STM32L1xx_HAL_Driver/Src/stm32l1xx_hal_flash_ex.o
LOAD Drivers/STM32L1xx_HAL_Driver/Src/stm32l1xx_hal_flash_ramfunc.o
LOAD Drivers/STM32L1xx_HAL_Driver/Src/stm32l1xx_hal_gpio.o
LOAD Drivers/STM32L1xx_HAL_Driver/Src/stm32l1xx_hal_pwr.o
LOAD Drivers/STM32L1xx_HAL_Driver/Src/stm32l1xx_hal_pwr_ex.o
LOAD Drivers/STM32L1xx_HAL_Driver/Src/stm32l1xx_hal_rcc.o
LOAD Drivers/STM32L1xx_HAL_Driver/Src/stm32l1xx_hal_rcc_ex.o
LOAD Drivers/STM32L1xx_HAL_Driver/Src/stm32l1xx_hal_tim.o
LOAD Drivers/STM32L1xx_HAL_Driver/Src/stm32l1xx_hal_tim_ex.o
LOAD Drivers/STM32L1xx_HAL_Driver/Src/stm32l1xx_hal_uart.o
START GROUP
LOAD /opt/st/stm32cubeide_1.0.2/plugins/com.st.stm32cube.ide.mcu.externaltools.gnu-tools-for-stm32.7-2018-q2-update.linux64_1.0.0.201904181610/tools/bin/../lib/gcc/arm-none-eabi/7.3.1/../../../../arm-none-eabi/lib/thumb/v7-m/libc_nano.a
LOAD /opt/st/stm32cubeide_1.0.2/plugins/com.st.stm32cube.ide.mcu.externaltools.gnu-tools-for-stm32.7-2018-q2-update.linux64_1.0.0.201904181610/tools/bin/../lib/gcc/arm-none-eabi/7.3.1/../../../../arm-none-eabi/lib/thumb/v7-m/libm.a
END GROUP
START GROUP
LOAD /opt/st/stm32cubeide_1.0.2/plugins/com.st.stm32cube.ide.mcu.externaltools.gnu-tools-for-stm32.7-2018-q2-update.linux64_1.0.0.201904181610/tools/bin/../lib/gcc/arm-none-eabi/7.3.1/thumb/v7-m/libgcc.a
LOAD /opt/st/stm32cubeide_1.0.2/plugins/com.st.stm32cube.ide.mcu.externaltools.gnu-tools-for-stm32.7-2018-q2-update.linux64_1.0.0.201904181610/tools/bin/../lib/gcc/arm-none-eabi/7.3.1/../../../../arm-none-eabi/lib/thumb/v7-m/libc_nano.a
END GROUP
START GROUP
LOAD /opt/st/stm32cubeide_1.0.2/plugins/com.st.stm32cube.ide.mcu.externaltools.gnu-tools-for-stm32.7-2018-q2-update.linux64_1.0.0.201904181610/tools/bin/../lib/gcc/arm-none-eabi/7.3.1/thumb/v7-m/libgcc.a
LOAD /opt/st/stm32cubeide_1.0.2/plugins/com.st.stm32cube.ide.mcu.externaltools.gnu-tools-for-stm32.7-2018-q2-update.linux64_1.0.0.201904181610/tools/bin/../lib/gcc/arm-none-eabi/7.3.1/../../../../arm-none-eabi/lib/thumb/v7-m/libc_nano.a
LOAD /opt/st/stm32cubeide_1.0.2/plugins/com.st.stm32cube.ide.mcu.externaltools.gnu-tools-for-stm32.7-2018-q2-update.linux64_1.0.0.201904181610/tools/bin/../lib/gcc/arm-none-eabi/7.3.1/../../../../arm-none-eabi/lib/thumb/v7-m/libnosys.a
END GROUP
START GROUP
LOAD /opt/st/stm32cubeide_1.0.2/plugins/com.st.stm32cube.ide.mcu.externaltools.gnu-tools-for-stm32.7-2018-q2-update.linux64_1.0.0.201904181610/tools/bin/../lib/gcc/arm-none-eabi/7.3.1/thumb/v7-m/libgcc.a
LOAD /opt/st/stm32cubeide_1.0.2/plugins/com.st.stm32cube.ide.mcu.externaltools.gnu-tools-for-stm32.7-2018-q2-update.linux64_1.0.0.201904181610/tools/bin/../lib/gcc/arm-none-eabi/7.3.1/../../../../arm-none-eabi/lib/thumb/v7-m/libc_nano.a
LOAD /opt/st/stm32cubeide_1.0.2/plugins/com.st.stm32cube.ide.mcu.externaltools.gnu-tools-for-stm32.7-2018-q2-update.linux64_1.0.0.201904181610/tools/bin/../lib/gcc/arm-none-eabi/7.3.1/../../../../arm-none-eabi/lib/thumb/v7-m/libnosys.a
END GROUP
LOAD /opt/st/stm32cubeide_1.0.2/plugins/com.st.stm32cube.ide.mcu.externaltools.gnu-tools-for-stm32.7-2018-q2-update.linux64_1.0.0.201904181610/tools/bin/../lib/gcc/arm-none-eabi/7.3.1/thumb/v7-m/crtend.o
LOAD /opt/st/stm32cubeide_1.0.2/plugins/com.st.stm32cube.ide.mcu.externaltools.gnu-tools-for-stm32.7-2018-q2-update.linux64_1.0.0.201904181610/tools/bin/../lib/gcc/arm-none-eabi/7.3.1/thumb/v7-m/crtn.o
                0x0000000020014000                _estack = (ORIGIN (RAM) + LENGTH (RAM))
                0x0000000000000200                _Min_Heap_Size = 0x200
                0x0000000000000400                _Min_Stack_Size = 0x400

.isr_vector     0x0000000008000000      0x13c
                0x0000000008000000                . = ALIGN (0x4)
 *(.isr_vector)
 .isr_vector    0x0000000008000000      0x13c Core/Startup/startup_stm32l152retx.o
                0x0000000008000000                g_pfnVectors
                0x000000000800013c                . = ALIGN (0x4)

.text           0x000000000800013c     0x18bc
                0x000000000800013c                . = ALIGN (0x4)
 *(.text)
 .text          0x000000000800013c       0x40 /opt/st/stm32cubeide_1.0.2/plugins/com.st.stm32cube.ide.mcu.externaltools.gnu-tools-for-stm32.7-2018-q2-update.linux64_1.0.0.201904181610/tools/bin/../lib/gcc/arm-none-eabi/7.3.1/thumb/v7-m/crtbegin.o
 *(.text*)
 .text.main     0x000000000800017c       0x16 Core/Src/main.o
                0x000000000800017c                main
 *fill*         0x0000000008000192        0x2 
 .text.SystemClock_Config
                0x0000000008000194       0x9c Core/Src/main.o
                0x0000000008000194                SystemClock_Config
 .text.MX_USART2_UART_Init
                0x0000000008000230       0x54 Core/Src/main.o
 .text.MX_GPIO_Init
                0x0000000008000284       0xd0 Core/Src/main.o
 .text.Error_Handler
                0x0000000008000354        0xc Core/Src/main.o
                0x0000000008000354                Error_Handler
 .text.HAL_MspInit
                0x0000000008000360       0x60 Core/Src/stm32l1xx_hal_msp.o
                0x0000000008000360                HAL_MspInit
 .text.HAL_UART_MspInit
                0x00000000080003c0       0x88 Core/Src/stm32l1xx_hal_msp.o
                0x00000000080003c0                HAL_UART_MspInit
 .text.NMI_Handler
                0x0000000008000448        0xc Core/Src/stm32l1xx_it.o
                0x0000000008000448                NMI_Handler
 .text.HardFault_Handler
                0x0000000008000454        0x6 Core/Src/stm32l1xx_it.o
                0x0000000008000454                HardFault_Handler
 .text.MemManage_Handler
                0x000000000800045a        0x6 Core/Src/stm32l1xx_it.o
                0x000000000800045a                MemManage_Handler
 .text.BusFault_Handler
                0x0000000008000460        0x6 Core/Src/stm32l1xx_it.o
                0x0000000008000460                BusFault_Handler
 .text.UsageFault_Handler
                0x0000000008000466        0x6 Core/Src/stm32l1xx_it.o
                0x0000000008000466                UsageFault_Handler
 .text.SVC_Handler
                0x000000000800046c        0xc Core/Src/stm32l1xx_it.o
                0x000000000800046c                SVC_Handler
 .text.DebugMon_Handler
                0x0000000008000478        0xc Core/Src/stm32l1xx_it.o
                0x0000000008000478                DebugMon_Handler
 .text.PendSV_Handler
                0x0000000008000484        0xc Core/Src/stm32l1xx_it.o
                0x0000000008000484                PendSV_Handler
 .text.SysTick_Handler
                0x0000000008000490        0xc Core/Src/stm32l1xx_it.o
                0x0000000008000490                SysTick_Handler
 .text.SystemInit
                0x000000000800049c       0x68 Core/Src/system_stm32l1xx.o
                0x000000000800049c                SystemInit
 .text.Reset_Handler
                0x0000000008000504       0x48 Core/Startup/startup_stm32l152retx.o
                0x0000000008000504                Reset_Handler
 .text.Default_Handler
                0x000000000800054c        0x2 Core/Startup/startup_stm32l152retx.o
                0x000000000800054c                RTC_Alarm_IRQHandler
                0x000000000800054c                EXTI2_IRQHandler
                0x000000000800054c                COMP_ACQ_IRQHandler
                0x000000000800054c                TIM10_IRQHandler
                0x000000000800054c                USB_HP_IRQHandler
                0x000000000800054c                TIM6_IRQHandler
                0x000000000800054c                PVD_IRQHandler
                0x000000000800054c                EXTI3_IRQHandler
                0x000000000800054c                EXTI0_IRQHandler
                0x000000000800054c                I2C2_EV_IRQHandler
                0x000000000800054c                SPI1_IRQHandler
                0x000000000800054c                USB_FS_WKUP_IRQHandler
                0x000000000800054c                DMA2_Channel2_IRQHandler
                0x000000000800054c                DMA1_Channel4_IRQHandler
                0x000000000800054c                ADC1_IRQHandler
                0x000000000800054c                USART3_IRQHandler
                0x000000000800054c                DMA1_Channel7_IRQHandler
                0x000000000800054c                LCD_IRQHandler
                0x000000000800054c                UART5_IRQHandler
                0x000000000800054c                TIM4_IRQHandler
                0x000000000800054c                DMA2_Channel1_IRQHandler
                0x000000000800054c                I2C1_EV_IRQHandler
                0x000000000800054c                DMA1_Channel6_IRQHandler
                0x000000000800054c                UART4_IRQHandler
                0x000000000800054c                DMA2_Channel4_IRQHandler
                0x000000000800054c                TIM3_IRQHandler
                0x000000000800054c                RCC_IRQHandler
                0x000000000800054c                DMA1_Channel1_IRQHandler
                0x000000000800054c                Default_Handler
                0x000000000800054c                EXTI15_10_IRQHandler
                0x000000000800054c                TIM7_IRQHandler
                0x000000000800054c                TIM5_IRQHandler
                0x000000000800054c                EXTI9_5_IRQHandler
                0x000000000800054c                TIM9_IRQHandler
                0x000000000800054c                TAMPER_STAMP_IRQHandler
                0x000000000800054c                RTC_WKUP_IRQHandler
                0x000000000800054c                SPI2_IRQHandler
                0x000000000800054c                DMA2_Channel5_IRQHandler
                0x000000000800054c                DMA1_Channel5_IRQHandler
                0x000000000800054c                USB_LP_IRQHandler
                0x000000000800054c                EXTI4_IRQHandler
                0x000000000800054c                DMA1_Channel3_IRQHandler
                0x000000000800054c                COMP_IRQHandler
                0x000000000800054c                WWDG_IRQHandler
                0x000000000800054c                TIM2_IRQHandler
                0x000000000800054c                DAC_IRQHandler
                0x000000000800054c                EXTI1_IRQHandler
                0x000000000800054c                TIM11_IRQHandler
                0x000000000800054c                USART2_IRQHandler
                0x000000000800054c                I2C2_ER_IRQHandler
                0x000000000800054c                DMA1_Channel2_IRQHandler
                0x000000000800054c                FLASH_IRQHandler
                0x000000000800054c                USART1_IRQHandler
                0x000000000800054c                SPI3_IRQHandler
                0x000000000800054c                I2C1_ER_IRQHandler
                0x000000000800054c                DMA2_Channel3_IRQHandler
 .text.HAL_Init
                0x000000000800054e       0x30 Drivers/STM32L1xx_HAL_Driver/Src/stm32l1xx_hal.o
                0x000000000800054e                HAL_Init
 *fill*         0x000000000800057e        0x2 
 .text.HAL_InitTick
                0x0000000008000580       0x74 Drivers/STM32L1xx_HAL_Driver/Src/stm32l1xx_hal.o
                0x0000000008000580                HAL_InitTick
 .text.HAL_IncTick
                0x00000000080005f4       0x24 Drivers/STM32L1xx_HAL_Driver/Src/stm32l1xx_hal.o
                0x00000000080005f4                HAL_IncTick
 .text.HAL_GetTick
                0x0000000008000618       0x14 Drivers/STM32L1xx_HAL_Driver/Src/stm32l1xx_hal.o
                0x0000000008000618                HAL_GetTick
 .text.__NVIC_SetPriorityGrouping
                0x000000000800062c       0x48 Drivers/STM32L1xx_HAL_Driver/Src/stm32l1xx_hal_cortex.o
 .text.__NVIC_GetPriorityGrouping
                0x0000000008000674       0x1c Drivers/STM32L1xx_HAL_Driver/Src/stm32l1xx_hal_cortex.o
 .text.__NVIC_SetPriority
                0x0000000008000690       0x54 Drivers/STM32L1xx_HAL_Driver/Src/stm32l1xx_hal_cortex.o
 .text.NVIC_EncodePriority
                0x00000000080006e4       0x64 Drivers/STM32L1xx_HAL_Driver/Src/stm32l1xx_hal_cortex.o
 .text.SysTick_Config
                0x0000000008000748       0x44 Drivers/STM32L1xx_HAL_Driver/Src/stm32l1xx_hal_cortex.o
 .text.HAL_NVIC_SetPriorityGrouping
                0x000000000800078c       0x16 Drivers/STM32L1xx_HAL_Driver/Src/stm32l1xx_hal_cortex.o
                0x000000000800078c                HAL_NVIC_SetPriorityGrouping
 .text.HAL_NVIC_SetPriority
                0x00000000080007a2       0x38 Drivers/STM32L1xx_HAL_Driver/Src/stm32l1xx_hal_cortex.o
                0x00000000080007a2                HAL_NVIC_SetPriority
 .text.HAL_SYSTICK_Config
                0x00000000080007da       0x18 Drivers/STM32L1xx_HAL_Driver/Src/stm32l1xx_hal_cortex.o
                0x00000000080007da                HAL_SYSTICK_Config
 *fill*         0x00000000080007f2        0x2 
 .text.HAL_GPIO_Init
                0x00000000080007f4      0x31c Drivers/STM32L1xx_HAL_Driver/Src/stm32l1xx_hal_gpio.o
                0x00000000080007f4                HAL_GPIO_Init
 .text.HAL_GPIO_WritePin
                0x0000000008000b10       0x30 Drivers/STM32L1xx_HAL_Driver/Src/stm32l1xx_hal_gpio.o
                0x0000000008000b10                HAL_GPIO_WritePin
 .text.HAL_RCC_OscConfig
                0x0000000008000b40      0x660 Drivers/STM32L1xx_HAL_Driver/Src/stm32l1xx_hal_rcc.o
                0x0000000008000b40                HAL_RCC_OscConfig
 .text.HAL_RCC_ClockConfig
                0x00000000080011a0      0x268 Drivers/STM32L1xx_HAL_Driver/Src/stm32l1xx_hal_rcc.o
                0x00000000080011a0                HAL_RCC_ClockConfig
 .text.HAL_RCC_GetSysClockFreq
                0x0000000008001408       0xb0 Drivers/STM32L1xx_HAL_Driver/Src/stm32l1xx_hal_rcc.o
                0x0000000008001408                HAL_RCC_GetSysClockFreq
 .text.HAL_RCC_GetHCLKFreq
                0x00000000080014b8       0x14 Drivers/STM32L1xx_HAL_Driver/Src/stm32l1xx_hal_rcc.o
                0x00000000080014b8                HAL_RCC_GetHCLKFreq
 .text.HAL_RCC_GetPCLK1Freq
                0x00000000080014cc       0x28 Drivers/STM32L1xx_HAL_Driver/Src/stm32l1xx_hal_rcc.o
                0x00000000080014cc                HAL_RCC_GetPCLK1Freq
 .text.HAL_RCC_GetPCLK2Freq
                0x00000000080014f4       0x28 Drivers/STM32L1xx_HAL_Driver/Src/stm32l1xx_hal_rcc.o
                0x00000000080014f4                HAL_RCC_GetPCLK2Freq
 .text.RCC_SetFlashLatencyFromMSIRange
                0x000000000800151c       0xc0 Drivers/STM32L1xx_HAL_Driver/Src/stm32l1xx_hal_rcc.o
 .text.HAL_UART_Init
                0x00000000080015dc       0x9a Drivers/STM32L1xx_HAL_Driver/Src/stm32l1xx_hal_uart.o
                0x00000000080015dc                HAL_UART_Init
 *fill*         0x0000000008001676        0x2 
 .text.UART_SetConfig
                0x0000000008001678      0x310 Drivers/STM32L1xx_HAL_Driver/Src/stm32l1xx_hal_uart.o
 .text.__libc_init_array
                0x0000000008001988       0x48 /opt/st/stm32cubeide_1.0.2/plugins/com.st.stm32cube.ide.mcu.externaltools.gnu-tools-for-stm32.7-2018-q2-update.linux64_1.0.0.201904181610/tools/bin/../lib/gcc/arm-none-eabi/7.3.1/../../../../arm-none-eabi/lib/thumb/v7-m/libc_nano.a(lib_a-init.o)
                0x0000000008001988                __libc_init_array
 .text.memset   0x00000000080019d0       0x10 /opt/st/stm32cubeide_1.0.2/plugins/com.st.stm32cube.ide.mcu.externaltools.gnu-tools-for-stm32.7-2018-q2-update.linux64_1.0.0.201904181610/tools/bin/../lib/gcc/arm-none-eabi/7.3.1/../../../../arm-none-eabi/lib/thumb/v7-m/libc_nano.a(lib_a-memset.o)
                0x00000000080019d0                memset
 *(.glue_7)
 .glue_7        0x00000000080019e0        0x0 linker stubs
 *(.glue_7t)
 .glue_7t       0x00000000080019e0        0x0 linker stubs
 *(.eh_frame)
 .eh_frame      0x00000000080019e0        0x0 /opt/st/stm32cubeide_1.0.2/plugins/com.st.stm32cube.ide.mcu.externaltools.gnu-tools-for-stm32.7-2018-q2-update.linux64_1.0.0.201904181610/tools/bin/../lib/gcc/arm-none-eabi/7.3.1/thumb/v7-m/crtbegin.o
 *(.init)
 .init          0x00000000080019e0        0x4 /opt/st/stm32cubeide_1.0.2/plugins/com.st.stm32cube.ide.mcu.externaltools.gnu-tools-for-stm32.7-2018-q2-update.linux64_1.0.0.201904181610/tools/bin/../lib/gcc/arm-none-eabi/7.3.1/thumb/v7-m/crti.o
                0x00000000080019e0                _init
 .init          0x00000000080019e4        0x8 /opt/st/stm32cubeide_1.0.2/plugins/com.st.stm32cube.ide.mcu.externaltools.gnu-tools-for-stm32.7-2018-q2-update.linux64_1.0.0.201904181610/tools/bin/../lib/gcc/arm-none-eabi/7.3.1/thumb/v7-m/crtn.o
 *(.fini)
 .fini          0x00000000080019ec        0x4 /opt/st/stm32cubeide_1.0.2/plugins/com.st.stm32cube.ide.mcu.externaltools.gnu-tools-for-stm32.7-2018-q2-update.linux64_1.0.0.201904181610/tools/bin/../lib/gcc/arm-none-eabi/7.3.1/thumb/v7-m/crti.o
                0x00000000080019ec                _fini
 .fini          0x00000000080019f0        0x8 /opt/st/stm32cubeide_1.0.2/plugins/com.st.stm32cube.ide.mcu.externaltools.gnu-tools-for-stm32.7-2018-q2-update.linux64_1.0.0.201904181610/tools/bin/../lib/gcc/arm-none-eabi/7.3.1/thumb/v7-m/crtn.o
                0x00000000080019f8                . = ALIGN (0x4)
                0x00000000080019f8                _etext = .

.vfp11_veneer   0x00000000080019f8        0x0
 .vfp11_veneer  0x00000000080019f8        0x0 linker stubs

.v4_bx          0x00000000080019f8        0x0
 .v4_bx         0x00000000080019f8        0x0 linker stubs

.iplt           0x00000000080019f8        0x0
 .iplt          0x00000000080019f8        0x0 /opt/st/stm32cubeide_1.0.2/plugins/com.st.stm32cube.ide.mcu.externaltools.gnu-tools-for-stm32.7-2018-q2-update.linux64_1.0.0.201904181610/tools/bin/../lib/gcc/arm-none-eabi/7.3.1/thumb/v7-m/crtbegin.o

.rodata         0x00000000080019f8       0x24
                0x00000000080019f8                . = ALIGN (0x4)
 *(.rodata)
 *(.rodata*)
 .rodata.PLLMulTable
                0x00000000080019f8        0x9 Core/Src/system_stm32l1xx.o
                0x00000000080019f8                PLLMulTable
 *fill*         0x0000000008001a01        0x3 
 .rodata.AHBPrescTable
                0x0000000008001a04       0x10 Core/Src/system_stm32l1xx.o
                0x0000000008001a04                AHBPrescTable
 .rodata.APBPrescTable
                0x0000000008001a14        0x8 Core/Src/system_stm32l1xx.o
                0x0000000008001a14                APBPrescTable
                0x0000000008001a1c                . = ALIGN (0x4)

.rel.dyn        0x0000000008001a1c        0x0
 .rel.iplt      0x0000000008001a1c        0x0 /opt/st/stm32cubeide_1.0.2/plugins/com.st.stm32cube.ide.mcu.externaltools.gnu-tools-for-stm32.7-2018-q2-update.linux64_1.0.0.201904181610/tools/bin/../lib/gcc/arm-none-eabi/7.3.1/thumb/v7-m/crtbegin.o

.ARM.extab      0x0000000008001a1c        0x0
                0x0000000008001a1c                . = ALIGN (0x4)
 *(.ARM.extab* .gnu.linkonce.armextab.*)
                0x0000000008001a1c                . = ALIGN (0x4)

.ARM            0x0000000008001a1c        0x0
                0x0000000008001a1c                . = ALIGN (0x4)
                0x0000000008001a1c                __exidx_start = .
 *(.ARM.exidx*)
                0x0000000008001a1c                __exidx_end = .
                0x0000000008001a1c                . = ALIGN (0x4)

.preinit_array  0x0000000008001a1c        0x0
                0x0000000008001a1c                . = ALIGN (0x4)
                0x0000000008001a1c                PROVIDE (__preinit_array_start = .)
 *(.preinit_array*)
                0x0000000008001a1c                PROVIDE (__preinit_array_end = .)
                0x0000000008001a1c                . = ALIGN (0x4)

.init_array     0x0000000008001a1c        0x4
                0x0000000008001a1c                . = ALIGN (0x4)
                0x0000000008001a1c                PROVIDE (__init_array_start = .)
 *(SORT_BY_NAME(.init_array.*))
 *(.init_array*)
 .init_array    0x0000000008001a1c        0x4 /opt/st/stm32cubeide_1.0.2/plugins/com.st.stm32cube.ide.mcu.externaltools.gnu-tools-for-stm32.7-2018-q2-update.linux64_1.0.0.201904181610/tools/bin/../lib/gcc/arm-none-eabi/7.3.1/thumb/v7-m/crtbegin.o
                0x0000000008001a20                PROVIDE (__init_array_end = .)
                0x0000000008001a20                . = ALIGN (0x4)

.fini_array     0x0000000008001a20        0x4
                0x0000000008001a20                . = ALIGN (0x4)
                [!provide]                        PROVIDE (__fini_array_start = .)
 *(SORT_BY_NAME(.fini_array.*))
 *(.fini_array*)
 .fini_array    0x0000000008001a20        0x4 /opt/st/stm32cubeide_1.0.2/plugins/com.st.stm32cube.ide.mcu.externaltools.gnu-tools-for-stm32.7-2018-q2-update.linux64_1.0.0.201904181610/tools/bin/../lib/gcc/arm-none-eabi/7.3.1/thumb/v7-m/crtbegin.o
                [!provide]                        PROVIDE (__fini_array_end = .)
                0x0000000008001a24                . = ALIGN (0x4)
                0x0000000008001a24                _sidata = LOADADDR (.data)

.data           0x0000000020000000        0xc load address 0x0000000008001a24
                0x0000000020000000                . = ALIGN (0x4)
                0x0000000020000000                _sdata = .
 *(.data)
 *(.data*)
 .data.SystemCoreClock
                0x0000000020000000        0x4 Core/Src/system_stm32l1xx.o
                0x0000000020000000                SystemCoreClock
 .data.uwTickPrio
                0x0000000020000004        0x4 Drivers/STM32L1xx_HAL_Driver/Src/stm32l1xx_hal.o
                0x0000000020000004                uwTickPrio
 .data.uwTickFreq
                0x0000000020000008        0x4 Drivers/STM32L1xx_HAL_Driver/Src/stm32l1xx_hal.o
                0x0000000020000008                uwTickFreq
                0x000000002000000c                . = ALIGN (0x4)
                0x000000002000000c                _edata = .

.igot.plt       0x000000002000000c        0x0 load address 0x0000000008001a30
 .igot.plt      0x000000002000000c        0x0 /opt/st/stm32cubeide_1.0.2/plugins/com.st.stm32cube.ide.mcu.externaltools.gnu-tools-for-stm32.7-2018-q2-update.linux64_1.0.0.201904181610/tools/bin/../lib/gcc/arm-none-eabi/7.3.1/thumb/v7-m/crtbegin.o
                0x000000002000000c                . = ALIGN (0x4)

.bss            0x000000002000000c       0x60 load address 0x0000000008001a30
                0x000000002000000c                _sbss = .
                0x000000002000000c                __bss_start__ = _sbss
 *(.bss)
 .bss           0x000000002000000c       0x1c /opt/st/stm32cubeide_1.0.2/plugins/com.st.stm32cube.ide.mcu.externaltools.gnu-tools-for-stm32.7-2018-q2-update.linux64_1.0.0.201904181610/tools/bin/../lib/gcc/arm-none-eabi/7.3.1/thumb/v7-m/crtbegin.o
 *(.bss*)
 *(COMMON)
 COMMON         0x0000000020000028       0x40 Core/Src/main.o
                0x0000000020000028                huart2
 COMMON         0x0000000020000068        0x4 Drivers/STM32L1xx_HAL_Driver/Src/stm32l1xx_hal.o
                0x0000000020000068                uwTick
                0x000000002000006c                . = ALIGN (0x4)
                0x000000002000006c                _ebss = .
                0x000000002000006c                __bss_end__ = _ebss

._user_heap_stack
                0x000000002000006c      0x604 load address 0x0000000008001a30
                0x0000000020000070                . = ALIGN (0x8)
 *fill*         0x000000002000006c        0x4 
                0x0000000020000070                PROVIDE (end = .)
                [!provide]                        PROVIDE (_end = .)
                0x0000000020000270                . = (. + _Min_Heap_Size)
 *fill*         0x0000000020000070      0x200 
                0x0000000020000670                . = (. + _Min_Stack_Size)
 *fill*         0x0000000020000270      0x400 
                0x0000000020000670                . = ALIGN (0x8)

/DISCARD/
 libc.a(*)
 libm.a(*)
 libgcc.a(*)

.ARM.attributes
                0x0000000000000000       0x29
 *(.ARM.attributes)
 .ARM.attributes
                0x0000000000000000       0x1d /opt/st/stm32cubeide_1.0.2/plugins/com.st.stm32cube.ide.mcu.externaltools.gnu-tools-for-stm32.7-2018-q2-update.linux64_1.0.0.201904181610/tools/bin/../lib/gcc/arm-none-eabi/7.3.1/thumb/v7-m/crti.o
 .ARM.attributes
                0x000000000000001d       0x2d /opt/st/stm32cubeide_1.0.2/plugins/com.st.stm32cube.ide.mcu.externaltools.gnu-tools-for-stm32.7-2018-q2-update.linux64_1.0.0.201904181610/tools/bin/../lib/gcc/arm-none-eabi/7.3.1/thumb/v7-m/crtbegin.o
 .ARM.attributes
                0x000000000000004a       0x33 Core/Src/main.o
 .ARM.attributes
                0x000000000000007d       0x33 Core/Src/stm32l1xx_hal_msp.o
 .ARM.attributes
                0x00000000000000b0       0x33 Core/Src/stm32l1xx_it.o
 .ARM.attributes
                0x00000000000000e3       0x33 Core/Src/system_stm32l1xx.o
 .ARM.attributes
                0x0000000000000116       0x21 Core/Startup/startup_stm32l152retx.o
 .ARM.attributes
                0x0000000000000137       0x33 Drivers/STM32L1xx_HAL_Driver/Src/stm32l1xx_hal.o
 .ARM.attributes
                0x000000000000016a       0x33 Drivers/STM32L1xx_HAL_Driver/Src/stm32l1xx_hal_cortex.o
 .ARM.attributes
                0x000000000000019d       0x33 Drivers/STM32L1xx_HAL_Driver/Src/stm32l1xx_hal_gpio.o
 .ARM.attributes
                0x00000000000001d0       0x33 Drivers/STM32L1xx_HAL_Driver/Src/stm32l1xx_hal_rcc.o
 .ARM.attributes
                0x0000000000000203       0x33 Drivers/STM32L1xx_HAL_Driver/Src/stm32l1xx_hal_uart.o
 .ARM.attributes
                0x0000000000000236       0x2d /opt/st/stm32cubeide_1.0.2/plugins/com.st.stm32cube.ide.mcu.externaltools.gnu-tools-for-stm32.7-2018-q2-update.linux64_1.0.0.201904181610/tools/bin/../lib/gcc/arm-none-eabi/7.3.1/../../../../arm-none-eabi/lib/thumb/v7-m/libc_nano.a(lib_a-init.o)
 .ARM.attributes
                0x0000000000000263       0x2d /opt/st/stm32cubeide_1.0.2/plugins/com.st.stm32cube.ide.mcu.externaltools.gnu-tools-for-stm32.7-2018-q2-update.linux64_1.0.0.201904181610/tools/bin/../lib/gcc/arm-none-eabi/7.3.1/../../../../arm-none-eabi/lib/thumb/v7-m/libc_nano.a(lib_a-memset.o)
 .ARM.attributes
                0x0000000000000290       0x1d /opt/st/stm32cubeide_1.0.2/plugins/com.st.stm32cube.ide.mcu.externaltools.gnu-tools-for-stm32.7-2018-q2-update.linux64_1.0.0.201904181610/tools/bin/../lib/gcc/arm-none-eabi/7.3.1/thumb/v7-m/crtn.o
OUTPUT(nucleo-l152-exti.elf elf32-littlearm)

.debug_info     0x0000000000000000     0x4f14
 .debug_info    0x0000000000000000      0x9f1 Core/Src/main.o
 .debug_info    0x00000000000009f1      0x838 Core/Src/stm32l1xx_hal_msp.o
 .debug_info    0x0000000000001229      0x1fc Core/Src/stm32l1xx_it.o
 .debug_info    0x0000000000001425      0x473 Core/Src/system_stm32l1xx.o
 .debug_info    0x0000000000001898       0x22 Core/Startup/startup_stm32l152retx.o
 .debug_info    0x00000000000018ba      0x71c Drivers/STM32L1xx_HAL_Driver/Src/stm32l1xx_hal.o
 .debug_info    0x0000000000001fd6      0xd84 Drivers/STM32L1xx_HAL_Driver/Src/stm32l1xx_hal_cortex.o
 .debug_info    0x0000000000002d5a      0x69d Drivers/STM32L1xx_HAL_Driver/Src/stm32l1xx_hal_gpio.o
 .debug_info    0x00000000000033f7      0x939 Drivers/STM32L1xx_HAL_Driver/Src/stm32l1xx_hal_rcc.o
 .debug_info    0x0000000000003d30     0x11e4 Drivers/STM32L1xx_HAL_Driver/Src/stm32l1xx_hal_uart.o

.debug_abbrev   0x0000000000000000     0x10a5
 .debug_abbrev  0x0000000000000000      0x1d6 Core/Src/main.o
 .debug_abbrev  0x00000000000001d6      0x18c Core/Src/stm32l1xx_hal_msp.o
 .debug_abbrev  0x0000000000000362       0xac Core/Src/stm32l1xx_it.o
 .debug_abbrev  0x000000000000040e      0x111 Core/Src/system_stm32l1xx.o
 .debug_abbrev  0x000000000000051f       0x12 Core/Startup/startup_stm32l152retx.o
 .debug_abbrev  0x0000000000000531      0x21b Drivers/STM32L1xx_HAL_Driver/Src/stm32l1xx_hal.o
 .debug_abbrev  0x000000000000074c      0x2fa Drivers/STM32L1xx_HAL_Driver/Src/stm32l1xx_hal_cortex.o
 .debug_abbrev  0x0000000000000a46      0x1c9 Drivers/STM32L1xx_HAL_Driver/Src/stm32l1xx_hal_gpio.o
 .debug_abbrev  0x0000000000000c0f      0x254 Drivers/STM32L1xx_HAL_Driver/Src/stm32l1xx_hal_rcc.o
 .debug_abbrev  0x0000000000000e63      0x242 Drivers/STM32L1xx_HAL_Driver/Src/stm32l1xx_hal_uart.o

.debug_aranges  0x0000000000000000      0x5d0
 .debug_aranges
                0x0000000000000000       0x40 Core/Src/main.o
 .debug_aranges
                0x0000000000000040       0x30 Core/Src/stm32l1xx_hal_msp.o
 .debug_aranges
                0x0000000000000070       0x60 Core/Src/stm32l1xx_it.o
 .debug_aranges
                0x00000000000000d0       0x28 Core/Src/system_stm32l1xx.o
 .debug_aranges
                0x00000000000000f8       0x28 Core/Startup/startup_stm32l152retx.o
 .debug_aranges
                0x0000000000000120       0xe0 Drivers/STM32L1xx_HAL_Driver/Src/stm32l1xx_hal.o
 .debug_aranges
                0x0000000000000200      0x118 Drivers/STM32L1xx_HAL_Driver/Src/stm32l1xx_hal_cortex.o
 .debug_aranges
                0x0000000000000318       0x58 Drivers/STM32L1xx_HAL_Driver/Src/stm32l1xx_hal_gpio.o
 .debug_aranges
                0x0000000000000370       0x90 Drivers/STM32L1xx_HAL_Driver/Src/stm32l1xx_hal_rcc.o
 .debug_aranges
                0x0000000000000400      0x1d0 Drivers/STM32L1xx_HAL_Driver/Src/stm32l1xx_hal_uart.o

.debug_ranges   0x0000000000000000      0x538
 .debug_ranges  0x0000000000000000       0x30 Core/Src/main.o
 .debug_ranges  0x0000000000000030       0x20 Core/Src/stm32l1xx_hal_msp.o
 .debug_ranges  0x0000000000000050       0x50 Core/Src/stm32l1xx_it.o
 .debug_ranges  0x00000000000000a0       0x18 Core/Src/system_stm32l1xx.o
 .debug_ranges  0x00000000000000b8       0x20 Core/Startup/startup_stm32l152retx.o
 .debug_ranges  0x00000000000000d8       0xd0 Drivers/STM32L1xx_HAL_Driver/Src/stm32l1xx_hal.o
 .debug_ranges  0x00000000000001a8      0x108 Drivers/STM32L1xx_HAL_Driver/Src/stm32l1xx_hal_cortex.o
 .debug_ranges  0x00000000000002b0       0x48 Drivers/STM32L1xx_HAL_Driver/Src/stm32l1xx_hal_gpio.o
 .debug_ranges  0x00000000000002f8       0x80 Drivers/STM32L1xx_HAL_Driver/Src/stm32l1xx_hal_rcc.o
 .debug_ranges  0x0000000000000378      0x1c0 Drivers/STM32L1xx_HAL_Driver/Src/stm32l1xx_hal_uart.o

.debug_macro    0x0000000000000000    0x14c2d
 .debug_macro   0x0000000000000000      0x1a0 Core/Src/main.o
 .debug_macro   0x00000000000001a0      0xa5a Core/Src/main.o
 .debug_macro   0x0000000000000bfa      0x106 Core/Src/main.o
 .debug_macro   0x0000000000000d00       0x2e Core/Src/main.o
 .debug_macro   0x0000000000000d2e       0x22 Core/Src/main.o
 .debug_macro   0x0000000000000d50       0x22 Core/Src/main.o
 .debug_macro   0x0000000000000d72       0x8e Core/Src/main.o
 .debug_macro   0x0000000000000e00       0x51 Core/Src/main.o
 .debug_macro   0x0000000000000e51       0xef Core/Src/main.o
 .debug_macro   0x0000000000000f40       0x6a Core/Src/main.o
 .debug_macro   0x0000000000000faa      0x1df Core/Src/main.o
 .debug_macro   0x0000000000001189       0x1c Core/Src/main.o
 .debug_macro   0x00000000000011a5       0x22 Core/Src/main.o
 .debug_macro   0x00000000000011c7       0xc3 Core/Src/main.o
 .debug_macro   0x000000000000128a      0xe49 Core/Src/main.o
 .debug_macro   0x00000000000020d3      0x11f Core/Src/main.o
 .debug_macro   0x00000000000021f2     0xbec4 Core/Src/main.o
 .debug_macro   0x000000000000e0b6       0x43 Core/Src/main.o
 .debug_macro   0x000000000000e0f9     0x3468 Core/Src/main.o
 .debug_macro   0x0000000000011561      0x174 Core/Src/main.o
 .debug_macro   0x00000000000116d5       0x5b Core/Src/main.o
 .debug_macro   0x0000000000011730      0xe38 Core/Src/main.o
 .debug_macro   0x0000000000012568      0x35b Core/Src/main.o
 .debug_macro   0x00000000000128c3      0x13b Core/Src/main.o
 .debug_macro   0x00000000000129fe       0xc5 Core/Src/main.o
 .debug_macro   0x0000000000012ac3      0x21e Core/Src/main.o
 .debug_macro   0x0000000000012ce1      0x236 Core/Src/main.o
 .debug_macro   0x0000000000012f17      0x10e Core/Src/main.o
 .debug_macro   0x0000000000013025      0x567 Core/Src/main.o
 .debug_macro   0x000000000001358c      0x1e9 Core/Src/main.o
 .debug_macro   0x0000000000013775       0x22 Core/Src/main.o
 .debug_macro   0x0000000000013797      0x287 Core/Src/main.o
 .debug_macro   0x0000000000013a1e      0x492 Core/Src/main.o
 .debug_macro   0x0000000000013eb0       0x58 Core/Src/main.o
 .debug_macro   0x0000000000013f08      0x1a0 Core/Src/stm32l1xx_hal_msp.o
 .debug_macro   0x00000000000140a8      0x1aa Core/Src/stm32l1xx_it.o
 .debug_macro   0x0000000000014252      0x197 Core/Src/system_stm32l1xx.o
 .debug_macro   0x00000000000143e9      0x1b5 Drivers/STM32L1xx_HAL_Driver/Src/stm32l1xx_hal.o
 .debug_macro   0x000000000001459e      0x191 Drivers/STM32L1xx_HAL_Driver/Src/stm32l1xx_hal_cortex.o
 .debug_macro   0x000000000001472f      0x1c9 Drivers/STM32L1xx_HAL_Driver/Src/stm32l1xx_hal_gpio.o
 .debug_macro   0x00000000000148f8      0x1a3 Drivers/STM32L1xx_HAL_Driver/Src/stm32l1xx_hal_rcc.o
 .debug_macro   0x0000000000014a9b      0x192 Drivers/STM32L1xx_HAL_Driver/Src/stm32l1xx_hal_uart.o

.debug_line     0x0000000000000000     0x4cab
 .debug_line    0x0000000000000000      0x6a5 Core/Src/main.o
 .debug_line    0x00000000000006a5      0x66b Core/Src/stm32l1xx_hal_msp.o
 .debug_line    0x0000000000000d10      0x6de Core/Src/stm32l1xx_it.o
 .debug_line    0x00000000000013ee      0x661 Core/Src/system_stm32l1xx.o
 .debug_line    0x0000000000001a4f       0x84 Core/Startup/startup_stm32l152retx.o
 .debug_line    0x0000000000001ad3      0x816 Drivers/STM32L1xx_HAL_Driver/Src/stm32l1xx_hal.o
 .debug_line    0x00000000000022e9      0x961 Drivers/STM32L1xx_HAL_Driver/Src/stm32l1xx_hal_cortex.o
 .debug_line    0x0000000000002c4a      0x7f4 Drivers/STM32L1xx_HAL_Driver/Src/stm32l1xx_hal_gpio.o
 .debug_line    0x000000000000343e      0x93f Drivers/STM32L1xx_HAL_Driver/Src/stm32l1xx_hal_rcc.o
 .debug_line    0x0000000000003d7d      0xf2e Drivers/STM32L1xx_HAL_Driver/Src/stm32l1xx_hal_uart.o

.debug_str      0x0000000000000000    0x82a7f
 .debug_str     0x0000000000000000    0x81484 Core/Src/main.o
                                      0x81740 (size before relaxing)
 .debug_str     0x0000000000081484       0x56 Core/Src/stm32l1xx_hal_msp.o
                                      0x815b4 (size before relaxing)
 .debug_str     0x00000000000814da       0xbd Core/Src/stm32l1xx_it.o
                                      0x811ac (size before relaxing)
 .debug_str     0x0000000000081597       0xd5 Core/Src/system_stm32l1xx.o
                                      0x810f9 (size before relaxing)
 .debug_str     0x000000000008166c       0x36 Core/Startup/startup_stm32l152retx.o
                                         0x80 (size before relaxing)
 .debug_str     0x00000000000816a2      0x645 Drivers/STM32L1xx_HAL_Driver/Src/stm32l1xx_hal.o
                                      0x8176b (size before relaxing)
 .debug_str     0x0000000000081ce7      0x3c1 Drivers/STM32L1xx_HAL_Driver/Src/stm32l1xx_hal_cortex.o
                                      0x818aa (size before relaxing)
 .debug_str     0x00000000000820a8      0x214 Drivers/STM32L1xx_HAL_Driver/Src/stm32l1xx_hal_gpio.o
                                      0x8131d (size before relaxing)
 .debug_str     0x00000000000822bc      0x29c Drivers/STM32L1xx_HAL_Driver/Src/stm32l1xx_hal_rcc.o
                                      0x814fb (size before relaxing)
 .debug_str     0x0000000000082558      0x527 Drivers/STM32L1xx_HAL_Driver/Src/stm32l1xx_hal_uart.o
                                      0x81942 (size before relaxing)

.comment        0x0000000000000000       0x7b
 .comment       0x0000000000000000       0x7b Core/Src/main.o
                                         0x7c (size before relaxing)
 .comment       0x000000000000007b       0x7c Core/Src/stm32l1xx_hal_msp.o
 .comment       0x000000000000007b       0x7c Core/Src/stm32l1xx_it.o
 .comment       0x000000000000007b       0x7c Core/Src/system_stm32l1xx.o
 .comment       0x000000000000007b       0x7c Drivers/STM32L1xx_HAL_Driver/Src/stm32l1xx_hal.o
 .comment       0x000000000000007b       0x7c Drivers/STM32L1xx_HAL_Driver/Src/stm32l1xx_hal_cortex.o
 .comment       0x000000000000007b       0x7c Drivers/STM32L1xx_HAL_Driver/Src/stm32l1xx_hal_gpio.o
 .comment       0x000000000000007b       0x7c Drivers/STM32L1xx_HAL_Driver/Src/stm32l1xx_hal_rcc.o
 .comment       0x000000000000007b       0x7c Drivers/STM32L1xx_HAL_Driver/Src/stm32l1xx_hal_uart.o

.debug_frame    0x0000000000000000     0x1650
 .debug_frame   0x0000000000000000       0xb0 Core/Src/main.o
 .debug_frame   0x00000000000000b0       0x7c Core/Src/stm32l1xx_hal_msp.o
 .debug_frame   0x000000000000012c      0x10c Core/Src/stm32l1xx_it.o
 .debug_frame   0x0000000000000238       0x58 Core/Src/system_stm32l1xx.o
 .debug_frame   0x0000000000000290      0x33c Drivers/STM32L1xx_HAL_Driver/Src/stm32l1xx_hal.o
 .debug_frame   0x00000000000005cc      0x498 Drivers/STM32L1xx_HAL_Driver/Src/stm32l1xx_hal_cortex.o
 .debug_frame   0x0000000000000a64      0x14c Drivers/STM32L1xx_HAL_Driver/Src/stm32l1xx_hal_gpio.o
 .debug_frame   0x0000000000000bb0      0x21c Drivers/STM32L1xx_HAL_Driver/Src/stm32l1xx_hal_rcc.o
 .debug_frame   0x0000000000000dcc      0x838 Drivers/STM32L1xx_HAL_Driver/Src/stm32l1xx_hal_uart.o
 .debug_frame   0x0000000000001604       0x2c /opt/st/stm32cubeide_1.0.2/plugins/com.st.stm32cube.ide.mcu.externaltools.gnu-tools-for-stm32.7-2018-q2-update.linux64_1.0.0.201904181610/tools/bin/../lib/gcc/arm-none-eabi/7.3.1/../../../../arm-none-eabi/lib/thumb/v7-m/libc_nano.a(lib_a-init.o)
 .debug_frame   0x0000000000001630       0x20 /opt/st/stm32cubeide_1.0.2/plugins/com.st.stm32cube.ide.mcu.externaltools.gnu-tools-for-stm32.7-2018-q2-update.linux64_1.0.0.201904181610/tools/bin/../lib/gcc/arm-none-eabi/7.3.1/../../../../arm-none-eabi/lib/thumb/v7-m/libc_nano.a(lib_a-memset.o)
